Archive member included to satisfy reference by file (symbol)

../libopencm3/lib/libopencm3_stm32f4.a(gpio_common_f0234.o)
                              src/core/gpio.o (gpio_mode_setup)
../libopencm3/lib/libopencm3_stm32f4.a(rcc_common_all.o)
                              src/core/gpio.o (rcc_periph_clock_enable)
../libopencm3/lib/libopencm3_stm32f4.a(rcc.o)
                              src/core/system.o (rcc_clock_setup_pll)
../libopencm3/lib/libopencm3_stm32f4.a(timer_common_all.o)
                              src/core/timer.o (timer_set_mode)
../libopencm3/lib/libopencm3_stm32f4.a(vector.o)
                              (reset_handler)
../libopencm3/lib/libopencm3_stm32f4.a(systick.o)
                              src/core/system.o (systick_set_frequency)
../libopencm3/lib/libopencm3_stm32f4.a(flash_common_all.o)
                              ../libopencm3/lib/libopencm3_stm32f4.a(rcc.o) (flash_set_ws)
../libopencm3/lib/libopencm3_stm32f4.a(flash_common_idcache.o)
                              ../libopencm3/lib/libopencm3_stm32f4.a(rcc.o) (flash_dcache_enable)
../libopencm3/lib/libopencm3_stm32f4.a(pwr.o)
                              ../libopencm3/lib/libopencm3_stm32f4.a(rcc.o) (pwr_set_vos_scale)

Discarded input sections

 .group         0x0000000000000000        0xc src/firmware.o
 .group         0x0000000000000000        0xc src/firmware.o
 .group         0x0000000000000000        0xc src/firmware.o
 .group         0x0000000000000000        0xc src/firmware.o
 .group         0x0000000000000000        0xc src/firmware.o
 .group         0x0000000000000000        0xc src/firmware.o
 .group         0x0000000000000000        0xc src/firmware.o
 .group         0x0000000000000000        0xc src/firmware.o
 .group         0x0000000000000000        0xc src/firmware.o
 .group         0x0000000000000000        0xc src/firmware.o
 .group         0x0000000000000000        0xc src/firmware.o
 .group         0x0000000000000000        0xc src/firmware.o
 .group         0x0000000000000000        0xc src/firmware.o
 .group         0x0000000000000000        0xc src/firmware.o
 .group         0x0000000000000000        0xc src/firmware.o
 .group         0x0000000000000000        0xc src/firmware.o
 .text          0x0000000000000000        0x0 src/firmware.o
 .data          0x0000000000000000        0x0 src/firmware.o
 .bss           0x0000000000000000        0x0 src/firmware.o
 .group         0x0000000000000000        0xc src/core/system.o
 .group         0x0000000000000000        0xc src/core/system.o
 .group         0x0000000000000000        0xc src/core/system.o
 .group         0x0000000000000000        0xc src/core/system.o
 .group         0x0000000000000000        0xc src/core/system.o
 .group         0x0000000000000000        0xc src/core/system.o
 .group         0x0000000000000000        0xc src/core/system.o
 .group         0x0000000000000000        0xc src/core/system.o
 .group         0x0000000000000000        0xc src/core/system.o
 .group         0x0000000000000000        0xc src/core/system.o
 .group         0x0000000000000000        0xc src/core/system.o
 .group         0x0000000000000000        0xc src/core/system.o
 .group         0x0000000000000000        0xc src/core/system.o
 .group         0x0000000000000000        0xc src/core/system.o
 .group         0x0000000000000000        0xc src/core/system.o
 .group         0x0000000000000000        0xc src/core/system.o
 .group         0x0000000000000000        0xc src/core/system.o
 .group         0x0000000000000000        0xc src/core/system.o
 .text          0x0000000000000000        0x0 src/core/system.o
 .data          0x0000000000000000        0x0 src/core/system.o
 .bss           0x0000000000000000        0x0 src/core/system.o
 .text.system_delay
                0x0000000000000000       0x14 src/core/system.o
 .debug_macro   0x0000000000000000      0xa6c src/core/system.o
 .debug_macro   0x0000000000000000       0x22 src/core/system.o
 .debug_macro   0x0000000000000000       0x56 src/core/system.o
 .debug_macro   0x0000000000000000       0x51 src/core/system.o
 .debug_macro   0x0000000000000000      0x103 src/core/system.o
 .debug_macro   0x0000000000000000       0x6a src/core/system.o
 .debug_macro   0x0000000000000000      0x1df src/core/system.o
 .debug_macro   0x0000000000000000       0x22 src/core/system.o
 .debug_macro   0x0000000000000000       0x10 src/core/system.o
 .debug_macro   0x0000000000000000       0x76 src/core/system.o
 .debug_macro   0x0000000000000000      0x100 src/core/system.o
 .group         0x0000000000000000        0xc src/core/gpio.o
 .group         0x0000000000000000        0xc src/core/gpio.o
 .group         0x0000000000000000        0xc src/core/gpio.o
 .group         0x0000000000000000        0xc src/core/gpio.o
 .group         0x0000000000000000        0xc src/core/gpio.o
 .group         0x0000000000000000        0xc src/core/gpio.o
 .group         0x0000000000000000        0xc src/core/gpio.o
[...]
Memory Configuration

Name             Origin             Length             Attributes
rom              0x0000000008000000 0x0000000000060000 xr
ram              0x0000000020000000 0x0000000000018000 xrw
*default*        0x0000000000000000 0xffffffffffffffff

Linker script and memory map

LOAD src/firmware.o
LOAD src/core/system.o
LOAD src/core/gpio.o
LOAD src/core/timer.o
LOAD ../libopencm3/lib/libopencm3_stm32f4.a
START GROUP
LOAD /usr/share/gcc-arm-none-eabi-10.3-2021.10/bin/../lib/gcc/arm-none-eabi/10.3.1/../../../../arm-none-eabi/lib/thumb/v7e-m+fp/hard/libc.a
LOAD /usr/share/gcc-arm-none-eabi-10.3-2021.10/bin/../lib/gcc/arm-none-eabi/10.3.1/thumb/v7e-m+fp/hard/libgcc.a
LOAD /usr/share/gcc-arm-none-eabi-10.3-2021.10/bin/../lib/gcc/arm-none-eabi/10.3.1/../../../../arm-none-eabi/lib/thumb/v7e-m+fp/hard/libnosys.a
END GROUP
START GROUP
LOAD /usr/share/gcc-arm-none-eabi-10.3-2021.10/bin/../lib/gcc/arm-none-eabi/10.3.1/thumb/v7e-m+fp/hard/libgcc.a
LOAD /usr/share/gcc-arm-none-eabi-10.3-2021.10/bin/../lib/gcc/arm-none-eabi/10.3.1/../../../../arm-none-eabi/lib/thumb/v7e-m+fp/hard/libg.a
LOAD /usr/share/gcc-arm-none-eabi-10.3-2021.10/bin/../lib/gcc/arm-none-eabi/10.3.1/../../../../arm-none-eabi/lib/thumb/v7e-m+fp/hard/libc.a
END GROUP

.text           0x0000000008000000      0xb14
 *(.vectors)
 .vectors       0x0000000008000000      0x1ac ../libopencm3/lib/libopencm3_stm32f4.a(vector.o)
                0x0000000008000000                vector_table
 *(.text*)
 .text.startup.main
                0x00000000080001ac       0x7c src/firmware.o
                0x00000000080001ac                main
 .text.sys_tick_handler
                0x0000000008000228       0x10 src/core/system.o
                0x0000000008000228                sys_tick_handler
 .text.system_get_ticks
                0x0000000008000238        0xc src/core/system.o
                0x0000000008000238                system_get_ticks
 .text.system_init
                0x0000000008000244       0x28 src/core/system.o
                0x0000000008000244                system_init
 .text.gpio_init
                0x000000000800026c       0x44 src/core/gpio.o
                0x000000000800026c                gpio_init
 .text.timer_pwm_set_duty_cycle
                0x00000000080002b0       0x2c src/core/timer.o
                0x00000000080002b0                timer_pwm_set_duty_cycle
 .text.timer_init
                0x00000000080002dc       0x58 src/core/timer.o
                0x00000000080002dc                timer_init
 .text.gpio_mode_setup
                0x0000000008000334       0x40 ../libopencm3/lib/libopencm3_stm32f4.a(gpio_common_f0234.o)
                0x0000000008000334                gpio_mode_setup
 .text.gpio_set_af
                0x0000000008000374       0x58 ../libopencm3/lib/libopencm3_stm32f4.a(gpio_common_f0234.o)
                0x0000000008000374                gpio_set_af
 .text.rcc_periph_clock_enable
                0x00000000080003cc       0x1c ../libopencm3/lib/libopencm3_stm32f4.a(rcc_common_all.o)
                0x00000000080003cc                rcc_periph_clock_enable
 .text.rcc_is_osc_ready
                0x00000000080003e8       0x64 ../libopencm3/lib/libopencm3_stm32f4.a(rcc.o)
                0x00000000080003e8                rcc_is_osc_ready
 .text.rcc_wait_for_osc_ready
                0x000000000800044c       0x10 ../libopencm3/lib/libopencm3_stm32f4.a(rcc.o)
                0x000000000800044c                rcc_wait_for_osc_ready
 .text.rcc_osc_on
                0x000000000800045c       0x74 ../libopencm3/lib/libopencm3_stm32f4.a(rcc.o)
                0x000000000800045c                rcc_osc_on
 .text.rcc_osc_off
                0x00000000080004d0       0x74 ../libopencm3/lib/libopencm3_stm32f4.a(rcc.o)
                0x00000000080004d0                rcc_osc_off
 .text.rcc_set_sysclk_source
                0x0000000008000544       0x18 ../libopencm3/lib/libopencm3_stm32f4.a(rcc.o)
                0x0000000008000544                rcc_set_sysclk_source
 .text.rcc_set_ppre2
                0x000000000800055c       0x18 ../libopencm3/lib/libopencm3_stm32f4.a(rcc.o)
                0x000000000800055c                rcc_set_ppre2
 .text.rcc_set_ppre1
                0x0000000008000574       0x18 ../libopencm3/lib/libopencm3_stm32f4.a(rcc.o)
                0x0000000008000574                rcc_set_ppre1
 .text.rcc_set_hpre
                0x000000000800058c       0x18 ../libopencm3/lib/libopencm3_stm32f4.a(rcc.o)
                0x000000000800058c                rcc_set_hpre
 .text.rcc_set_main_pll_hsi
                0x00000000080005a4       0x44 ../libopencm3/lib/libopencm3_stm32f4.a(rcc.o)
                0x00000000080005a4                rcc_set_main_pll_hsi
 .text.rcc_set_main_pll_hse
                0x00000000080005e8       0x44 ../libopencm3/lib/libopencm3_stm32f4.a(rcc.o)
                0x00000000080005e8                rcc_set_main_pll_hse
 .text.rcc_clock_setup_pll
                0x000000000800062c       0xe4 ../libopencm3/lib/libopencm3_stm32f4.a(rcc.o)
                0x000000000800062c                rcc_clock_setup_pll
 .text.timer_set_mode
                0x0000000008000710       0x12 ../libopencm3/lib/libopencm3_stm32f4.a(timer_common_all.o)
                0x0000000008000710                timer_set_mode
 .text.timer_enable_counter
                0x0000000008000722        0xa ../libopencm3/lib/libopencm3_stm32f4.a(timer_common_all.o)
                0x0000000008000722                timer_enable_counter
 .text.timer_set_prescaler
                0x000000000800072c        0x4 ../libopencm3/lib/libopencm3_stm32f4.a(timer_common_all.o)
                0x000000000800072c                timer_set_prescaler
 .text.timer_set_period
                0x0000000008000730        0x4 ../libopencm3/lib/libopencm3_stm32f4.a(timer_common_all.o)
                0x0000000008000730                timer_set_period
 .text.timer_set_oc_mode
                0x0000000008000734      0x18c ../libopencm3/lib/libopencm3_stm32f4.a(timer_common_all.o)
                0x0000000008000734                timer_set_oc_mode
 .text.timer_enable_oc_output
                0x00000000080008c0       0x4a ../libopencm3/lib/libopencm3_stm32f4.a(timer_common_all.o)
                0x00000000080008c0                timer_enable_oc_output
 .text.timer_set_oc_value
                0x000000000800090a       0x20 ../libopencm3/lib/libopencm3_stm32f4.a(timer_common_all.o)
                0x000000000800090a                timer_set_oc_value
 .text.timer_enable_break_main_output
                0x000000000800092a        0xa ../libopencm3/lib/libopencm3_stm32f4.a(timer_common_all.o)
                0x000000000800092a                timer_enable_break_main_output
 .text.blocking_handler
                0x0000000008000934        0x2 ../libopencm3/lib/libopencm3_stm32f4.a(vector.o)
                0x0000000008000934                dma2_stream1_isr
                0x0000000008000934                tim8_brk_tim12_isr
                0x0000000008000934                dma1_stream7_isr
                0x0000000008000934                usart3_isr
                0x0000000008000934                tim7_isr
                0x0000000008000934                dma2d_isr
                0x0000000008000934                uart8_isr
                0x0000000008000934                dma1_stream2_isr
                0x0000000008000934                otg_hs_isr
                0x0000000008000934                blocking_handler
                0x0000000008000934                tim5_isr
                0x0000000008000934                rtc_wkup_isr
                0x0000000008000934                otg_fs_isr
                0x0000000008000934                spi1_isr
                0x0000000008000934                i2c3_er_isr
                0x0000000008000934                exti2_isr
                0x0000000008000934                spi5_isr
                0x0000000008000934                usb_fs_wkup_isr
                0x0000000008000934                tamp_stamp_isr
                0x0000000008000934                can1_rx1_isr
                0x0000000008000934                dma2_stream0_isr
                0x0000000008000934                usart1_isr
                0x0000000008000934                i2c3_ev_isr
                0x0000000008000934                usage_fault_handler
                0x0000000008000934                can2_rx0_isr
                0x0000000008000934                dma1_stream6_isr
                0x0000000008000934                can2_rx1_isr
                0x0000000008000934                can1_sce_isr
                0x0000000008000934                tim1_cc_isr
                0x0000000008000934                can1_tx_isr
                0x0000000008000934                tim1_up_tim10_isr
                0x0000000008000934                sdio_isr
                0x0000000008000934                eth_isr
                0x0000000008000934                spi6_isr
                0x0000000008000934                dma2_stream5_isr
                0x0000000008000934                pvd_isr
                0x0000000008000934                can1_rx0_isr
                0x0000000008000934                rcc_isr
                0x0000000008000934                dma2_stream3_isr
                0x0000000008000934                flash_isr
                0x0000000008000934                uart4_isr
                0x0000000008000934                lcd_tft_isr
                0x0000000008000934                rtc_alarm_isr
                0x0000000008000934                exti15_10_isr
                0x0000000008000934                hash_rng_isr
                0x0000000008000934                tim1_trg_com_tim11_isr
                0x0000000008000934                hard_fault_handler
                0x0000000008000934                exti1_isr
                0x0000000008000934                i2c1_ev_isr
                0x0000000008000934                usart6_isr
                0x0000000008000934                spi2_isr
                0x0000000008000934                cryp_isr
                0x0000000008000934                nvic_wwdg_isr
                0x0000000008000934                dma1_stream1_isr
                0x0000000008000934                dma2_stream4_isr
                0x0000000008000934                exti3_isr
                0x0000000008000934                tim3_isr
                0x0000000008000934                usart2_isr
                0x0000000008000934                sai1_isr
                0x0000000008000934                fpu_isr
                0x0000000008000934                dma1_stream4_isr
                0x0000000008000934                i2c2_er_isr
                0x0000000008000934                i2c2_ev_isr
                0x0000000008000934                uart5_isr
                0x0000000008000934                dma2_stream6_isr
                0x0000000008000934                spi4_isr
                0x0000000008000934                adc_isr
                0x0000000008000934                dma2_stream7_isr
                0x0000000008000934                tim8_up_tim13_isr
                0x0000000008000934                fsmc_isr
                0x0000000008000934                exti4_isr
                0x0000000008000934                tim6_dac_isr
                0x0000000008000934                dma1_stream3_isr
                0x0000000008000934                tim8_trg_com_tim14_isr
                0x0000000008000934                mem_manage_handler
                0x0000000008000934                lcd_tft_err_isr
                0x0000000008000934                can2_tx_isr
                0x0000000008000934                exti9_5_isr
                0x0000000008000934                tim1_brk_tim9_isr
                0x0000000008000934                uart7_isr
                0x0000000008000934                can2_sce_isr
                0x0000000008000934                tim4_isr
                0x0000000008000934                otg_hs_wkup_isr
                0x0000000008000934                i2c1_er_isr
                0x0000000008000934                dma1_stream0_isr
                0x0000000008000934                tim8_cc_isr
                0x0000000008000934                dcmi_isr
                0x0000000008000934                dma2_stream2_isr
                0x0000000008000934                eth_wkup_isr
                0x0000000008000934                bus_fault_handler
                0x0000000008000934                otg_hs_ep1_out_isr
                0x0000000008000934                spi3_isr
                0x0000000008000934                dma1_stream5_isr
                0x0000000008000934                otg_hs_ep1_in_isr
                0x0000000008000934                tim2_isr
                0x0000000008000934                exti0_isr
 .text.null_handler
                0x0000000008000936        0x2 ../libopencm3/lib/libopencm3_stm32f4.a(vector.o)
                0x0000000008000936                null_handler
                0x0000000008000936                sv_call_handler
                0x0000000008000936                pend_sv_handler
                0x0000000008000936                debug_monitor_handler
                0x0000000008000936                nmi_handler
 .text.reset_handler
                0x0000000008000938       0xa0 ../libopencm3/lib/libopencm3_stm32f4.a(vector.o)
                0x0000000008000938                reset_handler
 .text.systick_set_clocksource
                0x00000000080009d8       0x14 ../libopencm3/lib/libopencm3_stm32f4.a(systick.o)
                0x00000000080009d8                systick_set_clocksource
 .text.systick_set_frequency
                0x00000000080009ec       0x38 ../libopencm3/lib/libopencm3_stm32f4.a(systick.o)
                0x00000000080009ec                systick_set_frequency
 .text.systick_interrupt_enable
                0x0000000008000a24        0xe ../libopencm3/lib/libopencm3_stm32f4.a(systick.o)
                0x0000000008000a24                systick_interrupt_enable
 .text.systick_counter_enable
                0x0000000008000a32        0xe ../libopencm3/lib/libopencm3_stm32f4.a(systick.o)
                0x0000000008000a32                systick_counter_enable
 .text.flash_set_ws
                0x0000000008000a40       0x18 ../libopencm3/lib/libopencm3_stm32f4.a(flash_common_all.o)
                0x0000000008000a40                flash_set_ws
 .text.flash_dcache_enable
                0x0000000008000a58       0x14 ../libopencm3/lib/libopencm3_stm32f4.a(flash_common_idcache.o)
                0x0000000008000a58                flash_dcache_enable
 .text.flash_dcache_disable
                0x0000000008000a6c       0x14 ../libopencm3/lib/libopencm3_stm32f4.a(flash_common_idcache.o)
                0x0000000008000a6c                flash_dcache_disable
 .text.flash_icache_enable
                0x0000000008000a80       0x14 ../libopencm3/lib/libopencm3_stm32f4.a(flash_common_idcache.o)
                0x0000000008000a80                flash_icache_enable
 .text.flash_icache_disable
                0x0000000008000a94       0x14 ../libopencm3/lib/libopencm3_stm32f4.a(flash_common_idcache.o)
                0x0000000008000a94                flash_icache_disable
 .text.pwr_set_vos_scale
                0x0000000008000aa8       0x18 ../libopencm3/lib/libopencm3_stm32f4.a(pwr.o)
                0x0000000008000aa8                pwr_set_vos_scale
                0x0000000008000ac0                . = ALIGN (0x4)
 *(.rodata*)
 .rodata.rcc_hsi_configs
                0x0000000008000ac0       0x54 ../libopencm3/lib/libopencm3_stm32f4.a(rcc.o)
                0x0000000008000ac0                rcc_hsi_configs
                0x0000000008000b14                . = ALIGN (0x4)

.glue_7         0x0000000008000b14        0x0
 .glue_7        0x0000000008000b14        0x0 linker stubs

.glue_7t        0x0000000008000b14        0x0
 .glue_7t       0x0000000008000b14        0x0 linker stubs

.vfp11_veneer   0x0000000008000b14        0x0
 .vfp11_veneer  0x0000000008000b14        0x0 linker stubs

.v4_bx          0x0000000008000b14        0x0
 .v4_bx         0x0000000008000b14        0x0 linker stubs

.iplt           0x0000000008000b14        0x0
 .iplt          0x0000000008000b14        0x0 src/firmware.o

.rel.dyn        0x0000000008000b14        0x0
 .rel.iplt      0x0000000008000b14        0x0 src/firmware.o

.preinit_array  0x0000000008000b14        0x0
                0x0000000008000b14                . = ALIGN (0x4)
                0x0000000008000b14                __preinit_array_start = .
 *(.preinit_array)
                0x0000000008000b14                __preinit_array_end = .

.init_array     0x0000000008000b14        0x0
                0x0000000008000b14                . = ALIGN (0x4)
                0x0000000008000b14                __init_array_start = .
 *(SORT_BY_NAME(.init_array.*))
 *(.init_array)
                0x0000000008000b14                __init_array_end = .

.fini_array     0x0000000008000b14        0x0
                0x0000000008000b14                . = ALIGN (0x4)
                0x0000000008000b14                __fini_array_start = .
 *(.fini_array)
 *(SORT_BY_NAME(.fini_array.*))
                0x0000000008000b14                __fini_array_end = .

.ARM.extab
 *(.ARM.extab*)

.ARM.exidx      0x0000000008000b14        0x0
                0x0000000008000b14                __exidx_start = .
 *(.ARM.exidx*)
                0x0000000008000b14                __exidx_end = .
                0x0000000008000b14                . = ALIGN (0x4)
                0x0000000008000b14                _etext = .

.noinit
 *(.noinit*)
                0x0000000008000b14                . = ALIGN (0x4)

.data           0x0000000020000000        0xc load address 0x0000000008000b14
                0x0000000020000000                _data = .
 *(.data*)
 .data.rcc_ahb_frequency
                0x0000000020000000        0x4 ../libopencm3/lib/libopencm3_stm32f4.a(rcc.o)
                0x0000000020000000                rcc_ahb_frequency
 .data.rcc_apb1_frequency
                0x0000000020000004        0x4 ../libopencm3/lib/libopencm3_stm32f4.a(rcc.o)
                0x0000000020000004                rcc_apb1_frequency
 .data.rcc_apb2_frequency
                0x0000000020000008        0x4 ../libopencm3/lib/libopencm3_stm32f4.a(rcc.o)
                0x0000000020000008                rcc_apb2_frequency
 *(.ramtext*)
                0x000000002000000c                . = ALIGN (0x4)
                0x000000002000000c                _edata = .
                0x0000000008000b14                _data_loadaddr = LOADADDR (.data)

.igot.plt       0x000000002000000c        0x0 load address 0x0000000008000b20
 .igot.plt      0x000000002000000c        0x0 src/firmware.o

.bss            0x000000002000000c        0x4 load address 0x0000000008000b20
 *(.bss*)
 .bss.ticks     0x000000002000000c        0x4 src/core/system.o
 *(COMMON)
                0x0000000020000010                . = ALIGN (0x4)
                0x0000000020000010                _ebss = .

/DISCARD/
 *(.eh_frame)
                0x0000000020000010                . = ALIGN (0x4)
                0x0000000020000010                end = .
                0x0000000020018000                PROVIDE (_stack = (ORIGIN (ram) + LENGTH (ram)))
OUTPUT(firmware.elf elf32-littlearm)
LOAD linker stubs

.debug_info     0x0000000000000000     0x45f3
 .debug_info    0x0000000000000000      0x1ad src/firmware.o
 .debug_info    0x00000000000001ad      0x36b src/core/system.o
 .debug_info    0x0000000000000518      0x5a9 src/core/gpio.o
 .debug_info    0x0000000000000ac1      0x746 src/core/timer.o
 .debug_info    0x0000000000001207      0x233 ../libopencm3/lib/libopencm3_stm32f4.a(gpio_common_f0234.o)
 .debug_info    0x000000000000143a      0x90c ../libopencm3/lib/libopencm3_stm32f4.a(rcc_common_all.o)
 .debug_info    0x0000000000001d46      0xf46 ../libopencm3/lib/libopencm3_stm32f4.a(rcc.o)
 .debug_info    0x0000000000002c8c     0x111d ../libopencm3/lib/libopencm3_stm32f4.a(timer_common_all.o)
 .debug_info    0x0000000000003da9      0x2f2 ../libopencm3/lib/libopencm3_stm32f4.a(vector.o)
 .debug_info    0x000000000000409b      0x280 ../libopencm3/lib/libopencm3_stm32f4.a(systick.o)
 .debug_info    0x000000000000431b       0xfc ../libopencm3/lib/libopencm3_stm32f4.a(flash_common_all.o)
 .debug_info    0x0000000000004417       0xf4 ../libopencm3/lib/libopencm3_stm32f4.a(flash_common_idcache.o)
 .debug_info    0x000000000000450b       0xe8 ../libopencm3/lib/libopencm3_stm32f4.a(pwr.o)

.debug_abbrev   0x0000000000000000      0xf3b
 .debug_abbrev  0x0000000000000000       0xb6 src/firmware.o
 .debug_abbrev  0x00000000000000b6      0x201 src/core/system.o
 .debug_abbrev  0x00000000000002b7       0xd9 src/core/gpio.o
 .debug_abbrev  0x0000000000000390      0x120 src/core/timer.o
 .debug_abbrev  0x00000000000004b0       0xbf ../libopencm3/lib/libopencm3_stm32f4.a(gpio_common_f0234.o)
 .debug_abbrev  0x000000000000056f      0x145 ../libopencm3/lib/libopencm3_stm32f4.a(rcc_common_all.o)
 .debug_abbrev  0x00000000000006b4      0x2aa ../libopencm3/lib/libopencm3_stm32f4.a(rcc.o)
 .debug_abbrev  0x000000000000095e      0x1a1 ../libopencm3/lib/libopencm3_stm32f4.a(timer_common_all.o)
 .debug_abbrev  0x0000000000000aff      0x15b ../libopencm3/lib/libopencm3_stm32f4.a(vector.o)
 .debug_abbrev  0x0000000000000c5a      0x155 ../libopencm3/lib/libopencm3_stm32f4.a(systick.o)
 .debug_abbrev  0x0000000000000daf       0x9a ../libopencm3/lib/libopencm3_stm32f4.a(flash_common_all.o)
 .debug_abbrev  0x0000000000000e49       0x56 ../libopencm3/lib/libopencm3_stm32f4.a(flash_common_idcache.o)
 .debug_abbrev  0x0000000000000e9f       0x9c ../libopencm3/lib/libopencm3_stm32f4.a(pwr.o)

.debug_loc      0x0000000000000000     0x132e
 .debug_loc     0x0000000000000000       0xa3 src/firmware.o
 .debug_loc     0x00000000000000a3       0x3a src/core/system.o
 .debug_loc     0x00000000000000dd       0xa0 src/core/timer.o
 .debug_loc     0x000000000000017d      0x14f ../libopencm3/lib/libopencm3_stm32f4.a(gpio_common_f0234.o)
 .debug_loc     0x00000000000002cc       0xde ../libopencm3/lib/libopencm3_stm32f4.a(rcc_common_all.o)
 .debug_loc     0x00000000000003aa      0x78a ../libopencm3/lib/libopencm3_stm32f4.a(rcc.o)
 .debug_loc     0x0000000000000b34      0x4b2 ../libopencm3/lib/libopencm3_stm32f4.a(timer_common_all.o)
 .debug_loc     0x0000000000000fe6      0x128 ../libopencm3/lib/libopencm3_stm32f4.a(vector.o)
 .debug_loc     0x000000000000110e      0x192 ../libopencm3/lib/libopencm3_stm32f4.a(systick.o)
 .debug_loc     0x00000000000012a0       0x47 ../libopencm3/lib/libopencm3_stm32f4.a(flash_common_all.o)
 .debug_loc     0x00000000000012e7       0x47 ../libopencm3/lib/libopencm3_stm32f4.a(pwr.o)

.debug_aranges  0x0000000000000000      0x5c8
 .debug_aranges
                0x0000000000000000       0x20 src/firmware.o
 .debug_aranges
                0x0000000000000020       0x38 src/core/system.o
 .debug_aranges
                0x0000000000000058       0x20 src/core/gpio.o
 .debug_aranges
                0x0000000000000078       0x28 src/core/timer.o
 .debug_aranges
                0x00000000000000a0       0x30 ../libopencm3/lib/libopencm3_stm32f4.a(gpio_common_f0234.o)
 .debug_aranges
                0x00000000000000d0       0x58 ../libopencm3/lib/libopencm3_stm32f4.a(rcc_common_all.o)
 .debug_aranges
                0x0000000000000128       0xf0 ../libopencm3/lib/libopencm3_stm32f4.a(rcc.o)
 .debug_aranges
                0x0000000000000218      0x268 ../libopencm3/lib/libopencm3_stm32f4.a(timer_common_all.o)
 .debug_aranges
                0x0000000000000480       0x30 ../libopencm3/lib/libopencm3_stm32f4.a(vector.o)
 .debug_aranges
                0x00000000000004b0       0x78 ../libopencm3/lib/libopencm3_stm32f4.a(systick.o)
 .debug_aranges
                0x0000000000000528       0x38 ../libopencm3/lib/libopencm3_stm32f4.a(flash_common_all.o)
 .debug_aranges
                0x0000000000000560       0x48 ../libopencm3/lib/libopencm3_stm32f4.a(flash_common_idcache.o)
 .debug_aranges
                0x00000000000005a8       0x20 ../libopencm3/lib/libopencm3_stm32f4.a(pwr.o)

.debug_ranges   0x0000000000000000      0x598
 .debug_ranges  0x0000000000000000       0x10 src/firmware.o
 .debug_ranges  0x0000000000000010       0x58 src/core/system.o
 .debug_ranges  0x0000000000000068       0x30 src/core/gpio.o
 .debug_ranges  0x0000000000000098       0x38 src/core/timer.o
 .debug_ranges  0x00000000000000d0       0x20 ../libopencm3/lib/libopencm3_stm32f4.a(gpio_common_f0234.o)
 .debug_ranges  0x00000000000000f0       0x48 ../libopencm3/lib/libopencm3_stm32f4.a(rcc_common_all.o)
 .debug_ranges  0x0000000000000138       0xf8 ../libopencm3/lib/libopencm3_stm32f4.a(rcc.o)
 .debug_ranges  0x0000000000000230      0x258 ../libopencm3/lib/libopencm3_stm32f4.a(timer_common_all.o)
 .debug_ranges  0x0000000000000488       0x20 ../libopencm3/lib/libopencm3_stm32f4.a(vector.o)
 .debug_ranges  0x00000000000004a8       0x80 ../libopencm3/lib/libopencm3_stm32f4.a(systick.o)
 .debug_ranges  0x0000000000000528       0x28 ../libopencm3/lib/libopencm3_stm32f4.a(flash_common_all.o)
 .debug_ranges  0x0000000000000550       0x38 ../libopencm3/lib/libopencm3_stm32f4.a(flash_common_idcache.o)
 .debug_ranges  0x0000000000000588       0x10 ../libopencm3/lib/libopencm3_stm32f4.a(pwr.o)

.debug_macro    0x0000000000000000     0x4be2
 .debug_macro   0x0000000000000000       0xf2 src/firmware.o
 .debug_macro   0x00000000000000f2      0xa6c src/firmware.o
 .debug_macro   0x0000000000000b5e       0x22 src/firmware.o
 .debug_macro   0x0000000000000b80       0x56 src/firmware.o
 .debug_macro   0x0000000000000bd6       0x51 src/firmware.o
 .debug_macro   0x0000000000000c27      0x103 src/firmware.o
 .debug_macro   0x0000000000000d2a       0x6a src/firmware.o
 .debug_macro   0x0000000000000d94      0x1df src/firmware.o
 .debug_macro   0x0000000000000f73       0x22 src/firmware.o
 .debug_macro   0x0000000000000f95       0x10 src/firmware.o
 .debug_macro   0x0000000000000fa5      0x100 src/firmware.o
 .debug_macro   0x00000000000010a5       0x76 src/firmware.o
 .debug_macro   0x000000000000111b      0x273 src/firmware.o
 .debug_macro   0x000000000000138e       0x76 src/firmware.o
 .debug_macro   0x0000000000001404      0x2e6 src/firmware.o
 .debug_macro   0x00000000000016ea      0x14e src/firmware.o
 .debug_macro   0x0000000000001838       0x1c src/firmware.o
 .debug_macro   0x0000000000001854      0x112 src/core/system.o
 .debug_macro   0x0000000000001966       0x69 src/core/system.o
 .debug_macro   0x00000000000019cf       0x6e src/core/system.o
 .debug_macro   0x0000000000001a3d      0x22c src/core/system.o
 .debug_macro   0x0000000000001c69      0x279 src/core/system.o
 .debug_macro   0x0000000000001ee2       0x8e src/core/system.o
 .debug_macro   0x0000000000001f70       0x28 src/core/system.o
 .debug_macro   0x0000000000001f98      0xc89 src/core/system.o
 .debug_macro   0x0000000000002c21      0x114 src/core/gpio.o
 .debug_macro   0x0000000000002d35       0x1c src/core/gpio.o
 .debug_macro   0x0000000000002d51       0xe8 src/core/gpio.o
 .debug_macro   0x0000000000002e39      0x10c src/core/timer.o
 .debug_macro   0x0000000000002f45      0xf88 src/core/timer.o
 .debug_macro   0x0000000000003ecd       0x52 src/core/timer.o
 .debug_macro   0x0000000000003f1f       0xd1 ../libopencm3/lib/libopencm3_stm32f4.a(gpio_common_f0234.o)
 .debug_macro   0x0000000000003ff0       0xf0 ../libopencm3/lib/libopencm3_stm32f4.a(rcc_common_all.o)
 .debug_macro   0x00000000000040e0      0x124 ../libopencm3/lib/libopencm3_stm32f4.a(rcc.o)
 .debug_macro   0x0000000000004204       0x16 ../libopencm3/lib/libopencm3_stm32f4.a(rcc.o)
 .debug_macro   0x000000000000421a       0x1c ../libopencm3/lib/libopencm3_stm32f4.a(rcc.o)
 .debug_macro   0x0000000000004236      0x140 ../libopencm3/lib/libopencm3_stm32f4.a(rcc.o)
 .debug_macro   0x0000000000004376       0x10 ../libopencm3/lib/libopencm3_stm32f4.a(rcc.o)
 .debug_macro   0x0000000000004386       0xfc ../libopencm3/lib/libopencm3_stm32f4.a(timer_common_all.o)
 .debug_macro   0x0000000000004482       0xd3 ../libopencm3/lib/libopencm3_stm32f4.a(vector.o)
 .debug_macro   0x0000000000004555      0x395 ../libopencm3/lib/libopencm3_stm32f4.a(vector.o)
 .debug_macro   0x00000000000048ea       0x92 ../libopencm3/lib/libopencm3_stm32f4.a(systick.o)
 .debug_macro   0x000000000000497c       0xd7 ../libopencm3/lib/libopencm3_stm32f4.a(flash_common_all.o)
 .debug_macro   0x0000000000004a53       0xd7 ../libopencm3/lib/libopencm3_stm32f4.a(flash_common_idcache.o)
 .debug_macro   0x0000000000004b2a       0xb8 ../libopencm3/lib/libopencm3_stm32f4.a(pwr.o)

.debug_line     0x0000000000000000     0x4563
 .debug_line    0x0000000000000000      0x3c7 src/firmware.o
 .debug_line    0x00000000000003c7      0x44c src/core/system.o
 .debug_line    0x0000000000000813      0x381 src/core/gpio.o
 .debug_line    0x0000000000000b94      0x39e src/core/timer.o
 .debug_line    0x0000000000000f32      0x4dc ../libopencm3/lib/libopencm3_stm32f4.a(gpio_common_f0234.o)
 .debug_line    0x000000000000140e      0x419 ../libopencm3/lib/libopencm3_stm32f4.a(rcc_common_all.o)
 .debug_line    0x0000000000001827      0xa32 ../libopencm3/lib/libopencm3_stm32f4.a(rcc.o)
 .debug_line    0x0000000000002259     0x10c3 ../libopencm3/lib/libopencm3_stm32f4.a(timer_common_all.o)
 .debug_line    0x000000000000331c      0x470 ../libopencm3/lib/libopencm3_stm32f4.a(vector.o)
 .debug_line    0x000000000000378c      0x3bc ../libopencm3/lib/libopencm3_stm32f4.a(systick.o)
 .debug_line    0x0000000000003b48      0x394 ../libopencm3/lib/libopencm3_stm32f4.a(flash_common_all.o)
 .debug_line    0x0000000000003edc      0x3ad ../libopencm3/lib/libopencm3_stm32f4.a(flash_common_idcache.o)
 .debug_line    0x0000000000004289      0x2da ../libopencm3/lib/libopencm3_stm32f4.a(pwr.o)

.debug_str      0x0000000000000000    0x132f3
 .debug_str     0x0000000000000000     0x643f src/firmware.o
                                       0x65b9 (size before relaxing)
 .debug_str     0x000000000000643f     0x491c src/core/system.o
                                       0x9aa6 (size before relaxing)
 .debug_str     0x000000000000ad5b      0x63d src/core/gpio.o
                                       0xa648 (size before relaxing)
 .debug_str     0x000000000000b398     0x43e1 src/core/timer.o
                                       0xd64d (size before relaxing)
 .debug_str     0x000000000000f779      0x174 ../libopencm3/lib/libopencm3_stm32f4.a(gpio_common_f0234.o)
                                       0x655c (size before relaxing)
 .debug_str     0x000000000000f8ed      0x44e ../libopencm3/lib/libopencm3_stm32f4.a(rcc_common_all.o)
                                       0x96b1 (size before relaxing)
 .debug_str     0x000000000000fd3b      0xaf4 ../libopencm3/lib/libopencm3_stm32f4.a(rcc.o)
                                       0x9efb (size before relaxing)
 .debug_str     0x000000000001082f      0x957 ../libopencm3/lib/libopencm3_stm32f4.a(timer_common_all.o)
                                       0xd99a (size before relaxing)
 .debug_str     0x0000000000011186     0x1fe5 ../libopencm3/lib/libopencm3_stm32f4.a(vector.o)
                                       0x6b0d (size before relaxing)
 .debug_str     0x000000000001316b       0xd7 ../libopencm3/lib/libopencm3_stm32f4.a(systick.o)
                                       0x4494 (size before relaxing)
 .debug_str     0x0000000000013242       0x64 ../libopencm3/lib/libopencm3_stm32f4.a(flash_common_all.o)
                                       0x5891 (size before relaxing)
 .debug_str     0x00000000000132a6       0x47 ../libopencm3/lib/libopencm3_stm32f4.a(flash_common_idcache.o)
                                       0x58b3 (size before relaxing)
 .debug_str     0x00000000000132ed        0x6 ../libopencm3/lib/libopencm3_stm32f4.a(pwr.o)
                                       0x548f (size before relaxing)

.comment        0x0000000000000000       0x49
 .comment       0x0000000000000000       0x49 src/firmware.o
                                         0x4a (size before relaxing)
 .comment       0x0000000000000049       0x4a src/core/system.o
 .comment       0x0000000000000049       0x4a src/core/gpio.o
 .comment       0x0000000000000049       0x4a src/core/timer.o
 .comment       0x0000000000000049       0x4a ../libopencm3/lib/libopencm3_stm32f4.a(gpio_common_f0234.o)
 .comment       0x0000000000000049       0x4a ../libopencm3/lib/libopencm3_stm32f4.a(rcc_common_all.o)
 .comment       0x0000000000000049       0x4a ../libopencm3/lib/libopencm3_stm32f4.a(rcc.o)
 .comment       0x0000000000000049       0x4a ../libopencm3/lib/libopencm3_stm32f4.a(timer_common_all.o)
 .comment       0x0000000000000049       0x4a ../libopencm3/lib/libopencm3_stm32f4.a(vector.o)
 .comment       0x0000000000000049       0x4a ../libopencm3/lib/libopencm3_stm32f4.a(systick.o)
 .comment       0x0000000000000049       0x4a ../libopencm3/lib/libopencm3_stm32f4.a(flash_common_all.o)
 .comment       0x0000000000000049       0x4a ../libopencm3/lib/libopencm3_stm32f4.a(flash_common_idcache.o)
 .comment       0x0000000000000049       0x4a ../libopencm3/lib/libopencm3_stm32f4.a(pwr.o)

.ARM.attributes
                0x0000000000000000       0x34
 .ARM.attributes
                0x0000000000000000       0x34 src/firmware.o
 .ARM.attributes
                0x0000000000000034       0x34 src/core/system.o
 .ARM.attributes
                0x0000000000000068       0x34 src/core/gpio.o
 .ARM.attributes
                0x000000000000009c       0x34 src/core/timer.o
 .ARM.attributes
                0x00000000000000d0       0x34 ../libopencm3/lib/libopencm3_stm32f4.a(gpio_common_f0234.o)
 .ARM.attributes
                0x0000000000000104       0x34 ../libopencm3/lib/libopencm3_stm32f4.a(rcc_common_all.o)
 .ARM.attributes
                0x0000000000000138       0x34 ../libopencm3/lib/libopencm3_stm32f4.a(rcc.o)
 .ARM.attributes
                0x000000000000016c       0x34 ../libopencm3/lib/libopencm3_stm32f4.a(timer_common_all.o)
 .ARM.attributes
                0x00000000000001a0       0x34 ../libopencm3/lib/libopencm3_stm32f4.a(vector.o)
 .ARM.attributes
                0x00000000000001d4       0x34 ../libopencm3/lib/libopencm3_stm32f4.a(systick.o)
 .ARM.attributes
                0x0000000000000208       0x34 ../libopencm3/lib/libopencm3_stm32f4.a(flash_common_all.o)
 .ARM.attributes
                0x000000000000023c       0x34 ../libopencm3/lib/libopencm3_stm32f4.a(flash_common_idcache.o)
 .ARM.attributes
                0x0000000000000270       0x34 ../libopencm3/lib/libopencm3_stm32f4.a(pwr.o)

.debug_frame    0x0000000000000000      0xb00
 .debug_frame   0x0000000000000000       0x3c src/firmware.o
 .debug_frame   0x000000000000003c       0x5c src/core/system.o
 .debug_frame   0x0000000000000098       0x2c src/core/gpio.o
 .debug_frame   0x00000000000000c4       0x3c src/core/timer.o
 .debug_frame   0x0000000000000100       0x70 ../libopencm3/lib/libopencm3_stm32f4.a(gpio_common_f0234.o)
 .debug_frame   0x0000000000000170       0xd0 ../libopencm3/lib/libopencm3_stm32f4.a(rcc_common_all.o)
 .debug_frame   0x0000000000000240      0x1f4 ../libopencm3/lib/libopencm3_stm32f4.a(rcc.o)
 .debug_frame   0x0000000000000434      0x4c8 ../libopencm3/lib/libopencm3_stm32f4.a(timer_common_all.o)
 .debug_frame   0x00000000000008fc       0x4c ../libopencm3/lib/libopencm3_stm32f4.a(vector.o)
 .debug_frame   0x0000000000000948       0xd8 ../libopencm3/lib/libopencm3_stm32f4.a(systick.o)
 .debug_frame   0x0000000000000a20       0x50 ../libopencm3/lib/libopencm3_stm32f4.a(flash_common_all.o)
 .debug_frame   0x0000000000000a70       0x70 ../libopencm3/lib/libopencm3_stm32f4.a(flash_common_idcache.o)
 .debug_frame   0x0000000000000ae0       0x20 ../libopencm3/lib/libopencm3_stm32f4.a(pwr.o)

Cross Reference Table

Symbol                                            File
__fini_array_end                                  ../libopencm3/lib/libopencm3_stm32f4.a(vector.o)
__fini_array_start                                ../libopencm3/lib/libopencm3_stm32f4.a(vector.o)
__init_array_end                                  ../libopencm3/lib/libopencm3_stm32f4.a(vector.o)
__init_array_start                                ../libopencm3/lib/libopencm3_stm32f4.a(vector.o)
__preinit_array_end                               ../libopencm3/lib/libopencm3_stm32f4.a(vector.o)
__preinit_array_start                             ../libopencm3/lib/libopencm3_stm32f4.a(vector.o)
_data                                             ../libopencm3/lib/libopencm3_stm32f4.a(vector.o)
_data_loadaddr                                    ../libopencm3/lib/libopencm3_stm32f4.a(vector.o)
_ebss                                             ../libopencm3/lib/libopencm3_stm32f4.a(vector.o)
_edata                                            ../libopencm3/lib/libopencm3_stm32f4.a(vector.o)
_stack                                            ../libopencm3/lib/libopencm3_stm32f4.a(vector.o)
adc_isr                                           ../libopencm3/lib/libopencm3_stm32f4.a(vector.o)
blocking_handler                                  ../libopencm3/lib/libopencm3_stm32f4.a(vector.o)
bus_fault_handler                                 ../libopencm3/lib/libopencm3_stm32f4.a(vector.o)
can1_rx0_isr                                      ../libopencm3/lib/libopencm3_stm32f4.a(vector.o)
can1_rx1_isr                                      ../libopencm3/lib/libopencm3_stm32f4.a(vector.o)
can1_sce_isr                                      ../libopencm3/lib/libopencm3_stm32f4.a(vector.o)
can1_tx_isr                                       ../libopencm3/lib/libopencm3_stm32f4.a(vector.o)
can2_rx0_isr                                      ../libopencm3/lib/libopencm3_stm32f4.a(vector.o)
can2_rx1_isr                                      ../libopencm3/lib/libopencm3_stm32f4.a(vector.o)
can2_sce_isr                                      ../libopencm3/lib/libopencm3_stm32f4.a(vector.o)
can2_tx_isr                                       ../libopencm3/lib/libopencm3_stm32f4.a(vector.o)
cryp_isr                                          ../libopencm3/lib/libopencm3_stm32f4.a(vector.o)
dcmi_isr                                          ../libopencm3/lib/libopencm3_stm32f4.a(vector.o)
debug_monitor_handler                             ../libopencm3/lib/libopencm3_stm32f4.a(vector.o)
dma1_stream0_isr                                  ../libopencm3/lib/libopencm3_stm32f4.a(vector.o)
dma1_stream1_isr                                  ../libopencm3/lib/libopencm3_stm32f4.a(vector.o)
dma1_stream2_isr                                  ../libopencm3/lib/libopencm3_stm32f4.a(vector.o)
dma1_stream3_isr                                  ../libopencm3/lib/libopencm3_stm32f4.a(vector.o)
dma1_stream4_isr                                  ../libopencm3/lib/libopencm3_stm32f4.a(vector.o)
dma1_stream5_isr                                  ../libopencm3/lib/libopencm3_stm32f4.a(vector.o)
dma1_stream6_isr                                  ../libopencm3/lib/libopencm3_stm32f4.a(vector.o)
dma1_stream7_isr                                  ../libopencm3/lib/libopencm3_stm32f4.a(vector.o)
dma2_stream0_isr                                  ../libopencm3/lib/libopencm3_stm32f4.a(vector.o)
dma2_stream1_isr                                  ../libopencm3/lib/libopencm3_stm32f4.a(vector.o)
dma2_stream2_isr                                  ../libopencm3/lib/libopencm3_stm32f4.a(vector.o)
dma2_stream3_isr                                  ../libopencm3/lib/libopencm3_stm32f4.a(vector.o)
dma2_stream4_isr                                  ../libopencm3/lib/libopencm3_stm32f4.a(vector.o)
dma2_stream5_isr                                  ../libopencm3/lib/libopencm3_stm32f4.a(vector.o)
dma2_stream6_isr                                  ../libopencm3/lib/libopencm3_stm32f4.a(vector.o)
dma2_stream7_isr                                  ../libopencm3/lib/libopencm3_stm32f4.a(vector.o)
dma2d_isr                                         ../libopencm3/lib/libopencm3_stm32f4.a(vector.o)
eth_isr                                           ../libopencm3/lib/libopencm3_stm32f4.a(vector.o)
eth_wkup_isr                                      ../libopencm3/lib/libopencm3_stm32f4.a(vector.o)
exti0_isr                                         ../libopencm3/lib/libopencm3_stm32f4.a(vector.o)
exti15_10_isr                                     ../libopencm3/lib/libopencm3_stm32f4.a(vector.o)
exti1_isr                                         ../libopencm3/lib/libopencm3_stm32f4.a(vector.o)
exti2_isr                                         ../libopencm3/lib/libopencm3_stm32f4.a(vector.o)
exti3_isr                                         ../libopencm3/lib/libopencm3_stm32f4.a(vector.o)
exti4_isr                                         ../libopencm3/lib/libopencm3_stm32f4.a(vector.o)
exti9_5_isr                                       ../libopencm3/lib/libopencm3_stm32f4.a(vector.o)
flash_dcache_disable                              ../libopencm3/lib/libopencm3_stm32f4.a(flash_common_idcache.o)
                                                  ../libopencm3/lib/libopencm3_stm32f4.a(rcc.o)
flash_dcache_enable                               ../libopencm3/lib/libopencm3_stm32f4.a(flash_common_idcache.o)
                                                  ../libopencm3/lib/libopencm3_stm32f4.a(rcc.o)
flash_dcache_reset                                ../libopencm3/lib/libopencm3_stm32f4.a(flash_common_idcache.o)
flash_icache_disable                              ../libopencm3/lib/libopencm3_stm32f4.a(flash_common_idcache.o)
                                                  ../libopencm3/lib/libopencm3_stm32f4.a(rcc.o)
flash_icache_enable                               ../libopencm3/lib/libopencm3_stm32f4.a(flash_common_idcache.o)
                                                  ../libopencm3/lib/libopencm3_stm32f4.a(rcc.o)
flash_icache_reset                                ../libopencm3/lib/libopencm3_stm32f4.a(flash_common_idcache.o)
flash_isr                                         ../libopencm3/lib/libopencm3_stm32f4.a(vector.o)
flash_prefetch_disable                            ../libopencm3/lib/libopencm3_stm32f4.a(flash_common_all.o)
flash_prefetch_enable                             ../libopencm3/lib/libopencm3_stm32f4.a(flash_common_all.o)
flash_set_ws                                      ../libopencm3/lib/libopencm3_stm32f4.a(flash_common_all.o)
                                                  ../libopencm3/lib/libopencm3_stm32f4.a(rcc.o)
flash_unlock_option_bytes                         ../libopencm3/lib/libopencm3_stm32f4.a(flash_common_all.o)
fpu_isr                                           ../libopencm3/lib/libopencm3_stm32f4.a(vector.o)
fsmc_isr                                          ../libopencm3/lib/libopencm3_stm32f4.a(vector.o)
gpio_init                                         src/core/gpio.o
                                                  src/firmware.o
gpio_mode_setup                                   ../libopencm3/lib/libopencm3_stm32f4.a(gpio_common_f0234.o)
                                                  src/core/gpio.o
gpio_set_af                                       ../libopencm3/lib/libopencm3_stm32f4.a(gpio_common_f0234.o)
                                                  src/core/gpio.o
gpio_set_output_options                           ../libopencm3/lib/libopencm3_stm32f4.a(gpio_common_f0234.o)
hard_fault_handler                                ../libopencm3/lib/libopencm3_stm32f4.a(vector.o)
hash_rng_isr                                      ../libopencm3/lib/libopencm3_stm32f4.a(vector.o)
i2c1_er_isr                                       ../libopencm3/lib/libopencm3_stm32f4.a(vector.o)
i2c1_ev_isr                                       ../libopencm3/lib/libopencm3_stm32f4.a(vector.o)
i2c2_er_isr                                       ../libopencm3/lib/libopencm3_stm32f4.a(vector.o)
i2c2_ev_isr                                       ../libopencm3/lib/libopencm3_stm32f4.a(vector.o)
i2c3_er_isr                                       ../libopencm3/lib/libopencm3_stm32f4.a(vector.o)
i2c3_ev_isr                                       ../libopencm3/lib/libopencm3_stm32f4.a(vector.o)
lcd_tft_err_isr                                   ../libopencm3/lib/libopencm3_stm32f4.a(vector.o)
lcd_tft_isr                                       ../libopencm3/lib/libopencm3_stm32f4.a(vector.o)
main                                              src/firmware.o
                                                  ../libopencm3/lib/libopencm3_stm32f4.a(vector.o)
mem_manage_handler                                ../libopencm3/lib/libopencm3_stm32f4.a(vector.o)
nmi_handler                                       ../libopencm3/lib/libopencm3_stm32f4.a(vector.o)
null_handler                                      ../libopencm3/lib/libopencm3_stm32f4.a(vector.o)
nvic_wwdg_isr                                     ../libopencm3/lib/libopencm3_stm32f4.a(vector.o)
otg_fs_isr                                        ../libopencm3/lib/libopencm3_stm32f4.a(vector.o)
otg_hs_ep1_in_isr                                 ../libopencm3/lib/libopencm3_stm32f4.a(vector.o)
otg_hs_ep1_out_isr                                ../libopencm3/lib/libopencm3_stm32f4.a(vector.o)
otg_hs_isr                                        ../libopencm3/lib/libopencm3_stm32f4.a(vector.o)
otg_hs_wkup_isr                                   ../libopencm3/lib/libopencm3_stm32f4.a(vector.o)
pend_sv_handler                                   ../libopencm3/lib/libopencm3_stm32f4.a(vector.o)
pvd_isr                                           ../libopencm3/lib/libopencm3_stm32f4.a(vector.o)
pwr_set_vos_scale                                 ../libopencm3/lib/libopencm3_stm32f4.a(pwr.o)
                                                  ../libopencm3/lib/libopencm3_stm32f4.a(rcc.o)
rcc_ahb_frequency                                 ../libopencm3/lib/libopencm3_stm32f4.a(rcc.o)
rcc_apb1_frequency                                ../libopencm3/lib/libopencm3_stm32f4.a(rcc.o)
rcc_apb2_frequency                                ../libopencm3/lib/libopencm3_stm32f4.a(rcc.o)
rcc_clock_setup_hse_3v3                           ../libopencm3/lib/libopencm3_stm32f4.a(rcc.o)
rcc_clock_setup_pll                               ../libopencm3/lib/libopencm3_stm32f4.a(rcc.o)
                                                  src/core/system.o
rcc_css_disable                                   ../libopencm3/lib/libopencm3_stm32f4.a(rcc.o)
rcc_css_enable                                    ../libopencm3/lib/libopencm3_stm32f4.a(rcc.o)
rcc_css_int_clear                                 ../libopencm3/lib/libopencm3_stm32f4.a(rcc.o)
rcc_css_int_flag                                  ../libopencm3/lib/libopencm3_stm32f4.a(rcc.o)
rcc_hse_12mhz_3v3                                 ../libopencm3/lib/libopencm3_stm32f4.a(rcc.o)
rcc_hse_16mhz_3v3                                 ../libopencm3/lib/libopencm3_stm32f4.a(rcc.o)
rcc_hse_25mhz_3v3                                 ../libopencm3/lib/libopencm3_stm32f4.a(rcc.o)
rcc_hse_8mhz_3v3                                  ../libopencm3/lib/libopencm3_stm32f4.a(rcc.o)
rcc_hsi_configs                                   ../libopencm3/lib/libopencm3_stm32f4.a(rcc.o)
                                                  src/core/system.o
rcc_is_osc_ready                                  ../libopencm3/lib/libopencm3_stm32f4.a(rcc.o)
rcc_isr                                           ../libopencm3/lib/libopencm3_stm32f4.a(vector.o)
rcc_osc_bypass_disable                            ../libopencm3/lib/libopencm3_stm32f4.a(rcc_common_all.o)
rcc_osc_bypass_enable                             ../libopencm3/lib/libopencm3_stm32f4.a(rcc_common_all.o)
rcc_osc_off                                       ../libopencm3/lib/libopencm3_stm32f4.a(rcc.o)
rcc_osc_on                                        ../libopencm3/lib/libopencm3_stm32f4.a(rcc.o)
rcc_osc_ready_int_clear                           ../libopencm3/lib/libopencm3_stm32f4.a(rcc.o)
rcc_osc_ready_int_disable                         ../libopencm3/lib/libopencm3_stm32f4.a(rcc.o)
rcc_osc_ready_int_enable                          ../libopencm3/lib/libopencm3_stm32f4.a(rcc.o)
rcc_osc_ready_int_flag                            ../libopencm3/lib/libopencm3_stm32f4.a(rcc.o)
rcc_periph_clock_disable                          ../libopencm3/lib/libopencm3_stm32f4.a(rcc_common_all.o)
rcc_periph_clock_enable                           ../libopencm3/lib/libopencm3_stm32f4.a(rcc_common_all.o)
                                                  ../libopencm3/lib/libopencm3_stm32f4.a(rcc.o)
                                                  src/core/timer.o
                                                  src/core/gpio.o
rcc_periph_reset_hold                             ../libopencm3/lib/libopencm3_stm32f4.a(rcc_common_all.o)
rcc_periph_reset_pulse                            ../libopencm3/lib/libopencm3_stm32f4.a(rcc_common_all.o)
rcc_periph_reset_release                          ../libopencm3/lib/libopencm3_stm32f4.a(rcc_common_all.o)
rcc_peripheral_clear_reset                        ../libopencm3/lib/libopencm3_stm32f4.a(rcc_common_all.o)
rcc_peripheral_disable_clock                      ../libopencm3/lib/libopencm3_stm32f4.a(rcc_common_all.o)
rcc_peripheral_enable_clock                       ../libopencm3/lib/libopencm3_stm32f4.a(rcc_common_all.o)
rcc_peripheral_reset                              ../libopencm3/lib/libopencm3_stm32f4.a(rcc_common_all.o)
rcc_plli2s_config                                 ../libopencm3/lib/libopencm3_stm32f4.a(rcc.o)
rcc_pllsai_config                                 ../libopencm3/lib/libopencm3_stm32f4.a(rcc.o)
rcc_pllsai_postscalers                            ../libopencm3/lib/libopencm3_stm32f4.a(rcc.o)
rcc_set_hpre                                      ../libopencm3/lib/libopencm3_stm32f4.a(rcc.o)
rcc_set_main_pll_hse                              ../libopencm3/lib/libopencm3_stm32f4.a(rcc.o)
rcc_set_main_pll_hsi                              ../libopencm3/lib/libopencm3_stm32f4.a(rcc.o)
rcc_set_mco                                       ../libopencm3/lib/libopencm3_stm32f4.a(rcc_common_all.o)
rcc_set_pll_source                                ../libopencm3/lib/libopencm3_stm32f4.a(rcc.o)
rcc_set_ppre1                                     ../libopencm3/lib/libopencm3_stm32f4.a(rcc.o)
rcc_set_ppre2                                     ../libopencm3/lib/libopencm3_stm32f4.a(rcc.o)
rcc_set_rtcpre                                    ../libopencm3/lib/libopencm3_stm32f4.a(rcc.o)
rcc_set_sysclk_source                             ../libopencm3/lib/libopencm3_stm32f4.a(rcc.o)
rcc_system_clock_source                           ../libopencm3/lib/libopencm3_stm32f4.a(rcc.o)
rcc_wait_for_osc_ready                            ../libopencm3/lib/libopencm3_stm32f4.a(rcc.o)
rcc_wait_for_sysclk_status                        ../libopencm3/lib/libopencm3_stm32f4.a(rcc.o)
reset_handler                                     ../libopencm3/lib/libopencm3_stm32f4.a(vector.o)
rtc_alarm_isr                                     ../libopencm3/lib/libopencm3_stm32f4.a(vector.o)
rtc_wkup_isr                                      ../libopencm3/lib/libopencm3_stm32f4.a(vector.o)
sai1_isr                                          ../libopencm3/lib/libopencm3_stm32f4.a(vector.o)
sdio_isr                                          ../libopencm3/lib/libopencm3_stm32f4.a(vector.o)
spi1_isr                                          ../libopencm3/lib/libopencm3_stm32f4.a(vector.o)
spi2_isr                                          ../libopencm3/lib/libopencm3_stm32f4.a(vector.o)
spi3_isr                                          ../libopencm3/lib/libopencm3_stm32f4.a(vector.o)
spi4_isr                                          ../libopencm3/lib/libopencm3_stm32f4.a(vector.o)
spi5_isr                                          ../libopencm3/lib/libopencm3_stm32f4.a(vector.o)
spi6_isr                                          ../libopencm3/lib/libopencm3_stm32f4.a(vector.o)
sv_call_handler                                   ../libopencm3/lib/libopencm3_stm32f4.a(vector.o)
sys_tick_handler                                  src/core/system.o
system_delay                                      src/core/system.o
system_get_ticks                                  src/core/system.o
                                                  src/firmware.o
system_init                                       src/core/system.o
                                                  src/firmware.o
systick_clear                                     ../libopencm3/lib/libopencm3_stm32f4.a(systick.o)
systick_counter_disable                           ../libopencm3/lib/libopencm3_stm32f4.a(systick.o)
systick_counter_enable                            ../libopencm3/lib/libopencm3_stm32f4.a(systick.o)
                                                  src/core/system.o
systick_get_calib                                 ../libopencm3/lib/libopencm3_stm32f4.a(systick.o)
systick_get_countflag                             ../libopencm3/lib/libopencm3_stm32f4.a(systick.o)
systick_get_reload                                ../libopencm3/lib/libopencm3_stm32f4.a(systick.o)
systick_get_value                                 ../libopencm3/lib/libopencm3_stm32f4.a(systick.o)
systick_interrupt_disable                         ../libopencm3/lib/libopencm3_stm32f4.a(systick.o)
systick_interrupt_enable                          ../libopencm3/lib/libopencm3_stm32f4.a(systick.o)
                                                  src/core/system.o
systick_set_clocksource                           ../libopencm3/lib/libopencm3_stm32f4.a(systick.o)
systick_set_frequency                             ../libopencm3/lib/libopencm3_stm32f4.a(systick.o)
                                                  src/core/system.o
systick_set_reload                                ../libopencm3/lib/libopencm3_stm32f4.a(systick.o)
tamp_stamp_isr                                    ../libopencm3/lib/libopencm3_stm32f4.a(vector.o)
tim1_brk_tim9_isr                                 ../libopencm3/lib/libopencm3_stm32f4.a(vector.o)
tim1_cc_isr                                       ../libopencm3/lib/libopencm3_stm32f4.a(vector.o)
tim1_trg_com_tim11_isr                            ../libopencm3/lib/libopencm3_stm32f4.a(vector.o)
tim1_up_tim10_isr                                 ../libopencm3/lib/libopencm3_stm32f4.a(vector.o)
tim2_isr                                          ../libopencm3/lib/libopencm3_stm32f4.a(vector.o)
tim3_isr                                          ../libopencm3/lib/libopencm3_stm32f4.a(vector.o)
tim4_isr                                          ../libopencm3/lib/libopencm3_stm32f4.a(vector.o)
tim5_isr                                          ../libopencm3/lib/libopencm3_stm32f4.a(vector.o)
tim6_dac_isr                                      ../libopencm3/lib/libopencm3_stm32f4.a(vector.o)
tim7_isr                                          ../libopencm3/lib/libopencm3_stm32f4.a(vector.o)
tim8_brk_tim12_isr                                ../libopencm3/lib/libopencm3_stm32f4.a(vector.o)
tim8_cc_isr                                       ../libopencm3/lib/libopencm3_stm32f4.a(vector.o)
tim8_trg_com_tim14_isr                            ../libopencm3/lib/libopencm3_stm32f4.a(vector.o)
tim8_up_tim13_isr                                 ../libopencm3/lib/libopencm3_stm32f4.a(vector.o)
timer_clear_flag                                  ../libopencm3/lib/libopencm3_stm32f4.a(timer_common_all.o)
timer_continuous_mode                             ../libopencm3/lib/libopencm3_stm32f4.a(timer_common_all.o)
timer_direction_down                              ../libopencm3/lib/libopencm3_stm32f4.a(timer_common_all.o)
timer_direction_up                                ../libopencm3/lib/libopencm3_stm32f4.a(timer_common_all.o)
timer_disable_break                               ../libopencm3/lib/libopencm3_stm32f4.a(timer_common_all.o)
timer_disable_break_automatic_output              ../libopencm3/lib/libopencm3_stm32f4.a(timer_common_all.o)
timer_disable_break_main_output                   ../libopencm3/lib/libopencm3_stm32f4.a(timer_common_all.o)
timer_disable_compare_control_update_on_trigger   ../libopencm3/lib/libopencm3_stm32f4.a(timer_common_all.o)
timer_disable_counter                             ../libopencm3/lib/libopencm3_stm32f4.a(timer_common_all.o)
timer_disable_irq                                 ../libopencm3/lib/libopencm3_stm32f4.a(timer_common_all.o)
timer_disable_oc_clear                            ../libopencm3/lib/libopencm3_stm32f4.a(timer_common_all.o)
timer_disable_oc_output                           ../libopencm3/lib/libopencm3_stm32f4.a(timer_common_all.o)
timer_disable_oc_preload                          ../libopencm3/lib/libopencm3_stm32f4.a(timer_common_all.o)
timer_disable_preload                             ../libopencm3/lib/libopencm3_stm32f4.a(timer_common_all.o)
timer_disable_preload_complementry_enable_bits    ../libopencm3/lib/libopencm3_stm32f4.a(timer_common_all.o)
timer_disable_update_event                        ../libopencm3/lib/libopencm3_stm32f4.a(timer_common_all.o)
timer_enable_break                                ../libopencm3/lib/libopencm3_stm32f4.a(timer_common_all.o)
timer_enable_break_automatic_output               ../libopencm3/lib/libopencm3_stm32f4.a(timer_common_all.o)
timer_enable_break_main_output                    ../libopencm3/lib/libopencm3_stm32f4.a(timer_common_all.o)
                                                  src/core/timer.o
timer_enable_compare_control_update_on_trigger    ../libopencm3/lib/libopencm3_stm32f4.a(timer_common_all.o)
timer_enable_counter                              ../libopencm3/lib/libopencm3_stm32f4.a(timer_common_all.o)
                                                  src/core/timer.o
timer_enable_irq                                  ../libopencm3/lib/libopencm3_stm32f4.a(timer_common_all.o)
timer_enable_oc_clear                             ../libopencm3/lib/libopencm3_stm32f4.a(timer_common_all.o)
timer_enable_oc_output                            ../libopencm3/lib/libopencm3_stm32f4.a(timer_common_all.o)
                                                  src/core/timer.o
timer_enable_oc_preload                           ../libopencm3/lib/libopencm3_stm32f4.a(timer_common_all.o)
timer_enable_preload                              ../libopencm3/lib/libopencm3_stm32f4.a(timer_common_all.o)
timer_enable_preload_complementry_enable_bits     ../libopencm3/lib/libopencm3_stm32f4.a(timer_common_all.o)
timer_enable_update_event                         ../libopencm3/lib/libopencm3_stm32f4.a(timer_common_all.o)
timer_generate_event                              ../libopencm3/lib/libopencm3_stm32f4.a(timer_common_all.o)
timer_get_counter                                 ../libopencm3/lib/libopencm3_stm32f4.a(timer_common_all.o)
timer_get_flag                                    ../libopencm3/lib/libopencm3_stm32f4.a(timer_common_all.o)
timer_ic_disable                                  ../libopencm3/lib/libopencm3_stm32f4.a(timer_common_all.o)
timer_ic_enable                                   ../libopencm3/lib/libopencm3_stm32f4.a(timer_common_all.o)
timer_ic_set_filter                               ../libopencm3/lib/libopencm3_stm32f4.a(timer_common_all.o)
timer_ic_set_input                                ../libopencm3/lib/libopencm3_stm32f4.a(timer_common_all.o)
timer_ic_set_prescaler                            ../libopencm3/lib/libopencm3_stm32f4.a(timer_common_all.o)
timer_init                                        src/core/timer.o
                                                  src/firmware.o
timer_interrupt_source                            ../libopencm3/lib/libopencm3_stm32f4.a(timer_common_all.o)
timer_one_shot_mode                               ../libopencm3/lib/libopencm3_stm32f4.a(timer_common_all.o)
timer_pwm_set_duty_cycle                          src/core/timer.o
                                                  src/firmware.o
timer_reset_output_idle_state                     ../libopencm3/lib/libopencm3_stm32f4.a(timer_common_all.o)
timer_set_alignment                               ../libopencm3/lib/libopencm3_stm32f4.a(timer_common_all.o)
timer_set_break_lock                              ../libopencm3/lib/libopencm3_stm32f4.a(timer_common_all.o)
timer_set_break_polarity_high                     ../libopencm3/lib/libopencm3_stm32f4.a(timer_common_all.o)
timer_set_break_polarity_low                      ../libopencm3/lib/libopencm3_stm32f4.a(timer_common_all.o)
timer_set_clock_division                          ../libopencm3/lib/libopencm3_stm32f4.a(timer_common_all.o)
timer_set_counter                                 ../libopencm3/lib/libopencm3_stm32f4.a(timer_common_all.o)
timer_set_deadtime                                ../libopencm3/lib/libopencm3_stm32f4.a(timer_common_all.o)
timer_set_disabled_off_state_in_idle_mode         ../libopencm3/lib/libopencm3_stm32f4.a(timer_common_all.o)
timer_set_disabled_off_state_in_run_mode          ../libopencm3/lib/libopencm3_stm32f4.a(timer_common_all.o)
timer_set_dma_on_compare_event                    ../libopencm3/lib/libopencm3_stm32f4.a(timer_common_all.o)
timer_set_dma_on_update_event                     ../libopencm3/lib/libopencm3_stm32f4.a(timer_common_all.o)
timer_set_enabled_off_state_in_idle_mode          ../libopencm3/lib/libopencm3_stm32f4.a(timer_common_all.o)
timer_set_enabled_off_state_in_run_mode           ../libopencm3/lib/libopencm3_stm32f4.a(timer_common_all.o)
timer_set_master_mode                             ../libopencm3/lib/libopencm3_stm32f4.a(timer_common_all.o)
timer_set_mode                                    ../libopencm3/lib/libopencm3_stm32f4.a(timer_common_all.o)
                                                  src/core/timer.o
timer_set_oc_fast_mode                            ../libopencm3/lib/libopencm3_stm32f4.a(timer_common_all.o)
timer_set_oc_idle_state_set                       ../libopencm3/lib/libopencm3_stm32f4.a(timer_common_all.o)
timer_set_oc_idle_state_unset                     ../libopencm3/lib/libopencm3_stm32f4.a(timer_common_all.o)
timer_set_oc_mode                                 ../libopencm3/lib/libopencm3_stm32f4.a(timer_common_all.o)
                                                  src/core/timer.o
timer_set_oc_polarity_high                        ../libopencm3/lib/libopencm3_stm32f4.a(timer_common_all.o)
timer_set_oc_polarity_low                         ../libopencm3/lib/libopencm3_stm32f4.a(timer_common_all.o)
timer_set_oc_slow_mode                            ../libopencm3/lib/libopencm3_stm32f4.a(timer_common_all.o)
timer_set_oc_value                                ../libopencm3/lib/libopencm3_stm32f4.a(timer_common_all.o)
                                                  src/core/timer.o
timer_set_output_idle_state                       ../libopencm3/lib/libopencm3_stm32f4.a(timer_common_all.o)
timer_set_period                                  ../libopencm3/lib/libopencm3_stm32f4.a(timer_common_all.o)
                                                  src/core/timer.o
timer_set_prescaler                               ../libopencm3/lib/libopencm3_stm32f4.a(timer_common_all.o)
                                                  src/core/timer.o
timer_set_repetition_counter                      ../libopencm3/lib/libopencm3_stm32f4.a(timer_common_all.o)
timer_set_ti1_ch1                                 ../libopencm3/lib/libopencm3_stm32f4.a(timer_common_all.o)
timer_set_ti1_ch123_xor                           ../libopencm3/lib/libopencm3_stm32f4.a(timer_common_all.o)
timer_slave_set_filter                            ../libopencm3/lib/libopencm3_stm32f4.a(timer_common_all.o)
timer_slave_set_mode                              ../libopencm3/lib/libopencm3_stm32f4.a(timer_common_all.o)
timer_slave_set_polarity                          ../libopencm3/lib/libopencm3_stm32f4.a(timer_common_all.o)
timer_slave_set_prescaler                         ../libopencm3/lib/libopencm3_stm32f4.a(timer_common_all.o)
timer_slave_set_trigger                           ../libopencm3/lib/libopencm3_stm32f4.a(timer_common_all.o)
timer_update_on_any                               ../libopencm3/lib/libopencm3_stm32f4.a(timer_common_all.o)
timer_update_on_overflow                          ../libopencm3/lib/libopencm3_stm32f4.a(timer_common_all.o)
uart4_isr                                         ../libopencm3/lib/libopencm3_stm32f4.a(vector.o)
uart5_isr                                         ../libopencm3/lib/libopencm3_stm32f4.a(vector.o)
uart7_isr                                         ../libopencm3/lib/libopencm3_stm32f4.a(vector.o)
uart8_isr                                         ../libopencm3/lib/libopencm3_stm32f4.a(vector.o)
usage_fault_handler                               ../libopencm3/lib/libopencm3_stm32f4.a(vector.o)
usart1_isr                                        ../libopencm3/lib/libopencm3_stm32f4.a(vector.o)
usart2_isr                                        ../libopencm3/lib/libopencm3_stm32f4.a(vector.o)
usart3_isr                                        ../libopencm3/lib/libopencm3_stm32f4.a(vector.o)
usart6_isr                                        ../libopencm3/lib/libopencm3_stm32f4.a(vector.o)
usb_fs_wkup_isr                                   ../libopencm3/lib/libopencm3_stm32f4.a(vector.o)
vector_table                                      ../libopencm3/lib/libopencm3_stm32f4.a(vector.o)
