Archive member included to satisfy reference by file (symbol)

../libopencm3/lib/libopencm3_stm32f4.a(gpio_common_all.o)
                              src/firmware.o (gpio_toggle)
../libopencm3/lib/libopencm3_stm32f4.a(gpio_common_f0234.o)
                              src/core/gpio.o (gpio_mode_setup)
../libopencm3/lib/libopencm3_stm32f4.a(rcc_common_all.o)
                              src/core/gpio.o (rcc_periph_clock_enable)
../libopencm3/lib/libopencm3_stm32f4.a(rcc.o)
                              src/core/system.o (rcc_clock_setup_pll)
../libopencm3/lib/libopencm3_stm32f4.a(timer_common_all.o)
                              src/core/timer.o (timer_set_mode)
../libopencm3/lib/libopencm3_stm32f4.a(vector.o)
                              (reset_handler)
../libopencm3/lib/libopencm3_stm32f4.a(systick.o)
                              src/core/system.o (systick_set_frequency)
../libopencm3/lib/libopencm3_stm32f4.a(flash_common_all.o)
                              ../libopencm3/lib/libopencm3_stm32f4.a(rcc.o) (flash_set_ws)
../libopencm3/lib/libopencm3_stm32f4.a(flash_common_idcache.o)
                              ../libopencm3/lib/libopencm3_stm32f4.a(rcc.o) (flash_dcache_enable)
../libopencm3/lib/libopencm3_stm32f4.a(pwr.o)
                              ../libopencm3/lib/libopencm3_stm32f4.a(rcc.o) (pwr_set_vos_scale)

Discarded input sections

 .group         0x0000000000000000        0xc src/firmware.o
 .group         0x0000000000000000        0xc src/firmware.o
 .group         0x0000000000000000        0xc src/firmware.o
 .group         0x0000000000000000        0xc src/firmware.o
 .group         0x0000000000000000        0xc src/firmware.o
 .group         0x0000000000000000        0xc src/firmware.o
 .group         0x0000000000000000        0xc src/firmware.o
 .group         0x0000000000000000        0xc src/firmware.o
 .group         0x0000000000000000        0xc src/firmware.o
 .group         0x0000000000000000        0xc src/firmware.o
 .group         0x0000000000000000        0xc src/firmware.o
 .group         0x0000000000000000        0xc src/firmware.o
 .group         0x0000000000000000        0xc src/firmware.o
 .group         0x0000000000000000        0xc src/firmware.o
 .group         0x0000000000000000        0xc src/firmware.o
 .group         0x0000000000000000        0xc src/firmware.o
 .text          0x0000000000000000        0x0 src/firmware.o
 .data          0x0000000000000000        0x0 src/firmware.o
 .bss           0x0000000000000000        0x0 src/firmware.o
 .group         0x0000000000000000        0xc src/core/system.o
 .group         0x0000000000000000        0xc src/core/system.o
 .group         0x0000000000000000        0xc src/core/system.o
 .group         0x0000000000000000        0xc src/core/system.o
 .group         0x0000000000000000        0xc src/core/system.o
 .group         0x0000000000000000        0xc src/core/system.o
 .group         0x0000000000000000        0xc src/core/system.o
 .group         0x0000000000000000        0xc src/core/system.o
 .group         0x0000000000000000        0xc src/core/system.o
 .group         0x0000000000000000        0xc src/core/system.o
 .group         0x0000000000000000        0xc src/core/system.o
 .group         0x0000000000000000        0xc src/core/system.o
 .group         0x0000000000000000        0xc src/core/system.o
 .group         0x0000000000000000        0xc src/core/system.o
 .group         0x0000000000000000        0xc src/core/system.o
 .group         0x0000000000000000        0xc src/core/system.o
 .group         0x0000000000000000        0xc src/core/system.o
 .group         0x0000000000000000        0xc src/core/system.o
 .text          0x0000000000000000        0x0 src/core/system.o
 .data          0x0000000000000000        0x0 src/core/system.o
 .bss           0x0000000000000000        0x0 src/core/system.o
 .text.system_delay
                0x0000000000000000       0x14 src/core/system.o
 .debug_macro   0x0000000000000000      0xa6c src/core/system.o
 .debug_macro   0x0000000000000000       0x22 src/core/system.o
 .debug_macro   0x0000000000000000       0x56 src/core/system.o
 .debug_macro   0x0000000000000000       0x51 src/core/system.o
 .debug_macro   0x0000000000000000      0x103 src/core/system.o
 .debug_macro   0x0000000000000000       0x6a src/core/system.o
 .debug_macro   0x0000000000000000      0x1df src/core/system.o
 .debug_macro   0x0000000000000000       0x22 src/core/system.o
 .debug_macro   0x0000000000000000       0x10 src/core/system.o
 .debug_macro   0x0000000000000000       0x76 src/core/system.o
 .debug_macro   0x0000000000000000      0x100 src/core/system.o
 .group         0x0000000000000000        0xc src/core/gpio.o
 .group         0x0000000000000000        0xc src/core/gpio.o
 .group         0x0000000000000000        0xc src/core/gpio.o
 .group         0x0000000000000000        0xc src/core/gpio.o
 .group         0x0000000000000000        0xc src/core/gpio.o
[...]
Memory Configuration

Name             Origin             Length             Attributes
rom              0x0000000008000000 0x0000000000060000 xr
ram              0x0000000020000000 0x0000000000018000 xrw
*default*        0x0000000000000000 0xffffffffffffffff

Linker script and memory map

LOAD src/firmware.o
LOAD src/core/system.o
LOAD src/core/gpio.o
LOAD src/core/timer.o
LOAD ../libopencm3/lib/libopencm3_stm32f4.a
START GROUP
LOAD /usr/share/gcc-arm-none-eabi-10.3-2021.10/bin/../lib/gcc/arm-none-eabi/10.3.1/../../../../arm-none-eabi/lib/thumb/v7e-m+fp/hard/libc.a
LOAD /usr/share/gcc-arm-none-eabi-10.3-2021.10/bin/../lib/gcc/arm-none-eabi/10.3.1/thumb/v7e-m+fp/hard/libgcc.a
LOAD /usr/share/gcc-arm-none-eabi-10.3-2021.10/bin/../lib/gcc/arm-none-eabi/10.3.1/../../../../arm-none-eabi/lib/thumb/v7e-m+fp/hard/libnosys.a
END GROUP
START GROUP
LOAD /usr/share/gcc-arm-none-eabi-10.3-2021.10/bin/../lib/gcc/arm-none-eabi/10.3.1/thumb/v7e-m+fp/hard/libgcc.a
LOAD /usr/share/gcc-arm-none-eabi-10.3-2021.10/bin/../lib/gcc/arm-none-eabi/10.3.1/../../../../arm-none-eabi/lib/thumb/v7e-m+fp/hard/libg.a
LOAD /usr/share/gcc-arm-none-eabi-10.3-2021.10/bin/../lib/gcc/arm-none-eabi/10.3.1/../../../../arm-none-eabi/lib/thumb/v7e-m+fp/hard/libc.a
END GROUP

.text           0x0000000008000000      0xb28
 *(.vectors)
 .vectors       0x0000000008000000      0x1ac ../libopencm3/lib/libopencm3_stm32f4.a(vector.o)
                0x0000000008000000                vector_table
 *(.text*)
 .text.startup.main
                0x00000000080001ac       0x8c src/firmware.o
                0x00000000080001ac                main
 .text.sys_tick_handler
                0x0000000008000238       0x10 src/core/system.o
                0x0000000008000238                sys_tick_handler
 .text.system_get_ticks
                0x0000000008000248        0xc src/core/system.o
                0x0000000008000248                system_get_ticks
 .text.system_init
                0x0000000008000254       0x28 src/core/system.o
                0x0000000008000254                system_init
 .text.gpio_init
                0x000000000800027c       0x44 src/core/gpio.o
                0x000000000800027c                gpio_init
 .text.timer_pwm_set_duty_cycle
                0x00000000080002c0       0x2c src/core/timer.o
                0x00000000080002c0                timer_pwm_set_duty_cycle
 .text.timer_init
                0x00000000080002ec       0x50 src/core/timer.o
                0x00000000080002ec                timer_init
 .text.gpio_toggle
                0x000000000800033c       0x12 ../libopencm3/lib/libopencm3_stm32f4.a(gpio_common_all.o)
                0x000000000800033c                gpio_toggle
 .text.gpio_mode_setup
                0x000000000800034e       0x40 ../libopencm3/lib/libopencm3_stm32f4.a(gpio_common_f0234.o)
                0x000000000800034e                gpio_mode_setup
 .text.gpio_set_af
                0x000000000800038e       0x58 ../libopencm3/lib/libopencm3_stm32f4.a(gpio_common_f0234.o)
                0x000000000800038e                gpio_set_af
 .text.rcc_periph_clock_enable
                0x00000000080003e6       0x1c ../libopencm3/lib/libopencm3_stm32f4.a(rcc_common_all.o)
                0x00000000080003e6                rcc_periph_clock_enable
 *fill*         0x0000000008000402        0x2 
 .text.rcc_is_osc_ready
                0x0000000008000404       0x64 ../libopencm3/lib/libopencm3_stm32f4.a(rcc.o)
                0x0000000008000404                rcc_is_osc_ready
 .text.rcc_wait_for_osc_ready
                0x0000000008000468       0x10 ../libopencm3/lib/libopencm3_stm32f4.a(rcc.o)
                0x0000000008000468                rcc_wait_for_osc_ready
 .text.rcc_osc_on
                0x0000000008000478       0x74 ../libopencm3/lib/libopencm3_stm32f4.a(rcc.o)
                0x0000000008000478                rcc_osc_on
 .text.rcc_osc_off
                0x00000000080004ec       0x74 ../libopencm3/lib/libopencm3_stm32f4.a(rcc.o)
                0x00000000080004ec                rcc_osc_off
 .text.rcc_set_sysclk_source
                0x0000000008000560       0x18 ../libopencm3/lib/libopencm3_stm32f4.a(rcc.o)
                0x0000000008000560                rcc_set_sysclk_source
 .text.rcc_set_ppre2
                0x0000000008000578       0x18 ../libopencm3/lib/libopencm3_stm32f4.a(rcc.o)
                0x0000000008000578                rcc_set_ppre2
 .text.rcc_set_ppre1
                0x0000000008000590       0x18 ../libopencm3/lib/libopencm3_stm32f4.a(rcc.o)
                0x0000000008000590                rcc_set_ppre1
 .text.rcc_set_hpre
                0x00000000080005a8       0x18 ../libopencm3/lib/libopencm3_stm32f4.a(rcc.o)
                0x00000000080005a8                rcc_set_hpre
 .text.rcc_set_main_pll_hsi
                0x00000000080005c0       0x44 ../libopencm3/lib/libopencm3_stm32f4.a(rcc.o)
                0x00000000080005c0                rcc_set_main_pll_hsi
 .text.rcc_set_main_pll_hse
                0x0000000008000604       0x44 ../libopencm3/lib/libopencm3_stm32f4.a(rcc.o)
                0x0000000008000604                rcc_set_main_pll_hse
 .text.rcc_clock_setup_pll
                0x0000000008000648       0xe4 ../libopencm3/lib/libopencm3_stm32f4.a(rcc.o)
                0x0000000008000648                rcc_clock_setup_pll
 .text.timer_set_mode
                0x000000000800072c       0x12 ../libopencm3/lib/libopencm3_stm32f4.a(timer_common_all.o)
                0x000000000800072c                timer_set_mode
 .text.timer_enable_counter
                0x000000000800073e        0xa ../libopencm3/lib/libopencm3_stm32f4.a(timer_common_all.o)
                0x000000000800073e                timer_enable_counter
 .text.timer_set_prescaler
                0x0000000008000748        0x4 ../libopencm3/lib/libopencm3_stm32f4.a(timer_common_all.o)
                0x0000000008000748                timer_set_prescaler
 .text.timer_set_period
                0x000000000800074c        0x4 ../libopencm3/lib/libopencm3_stm32f4.a(timer_common_all.o)
                0x000000000800074c                timer_set_period
 .text.timer_set_oc_mode
                0x0000000008000750      0x18c ../libopencm3/lib/libopencm3_stm32f4.a(timer_common_all.o)
                0x0000000008000750                timer_set_oc_mode
 .text.timer_enable_oc_output
                0x00000000080008dc       0x4a ../libopencm3/lib/libopencm3_stm32f4.a(timer_common_all.o)
                0x00000000080008dc                timer_enable_oc_output
 .text.timer_set_oc_value
                0x0000000008000926       0x20 ../libopencm3/lib/libopencm3_stm32f4.a(timer_common_all.o)
                0x0000000008000926                timer_set_oc_value
 .text.blocking_handler
                0x0000000008000946        0x2 ../libopencm3/lib/libopencm3_stm32f4.a(vector.o)
                0x0000000008000946                dma2_stream1_isr
                0x0000000008000946                tim8_brk_tim12_isr
                0x0000000008000946                dma1_stream7_isr
                0x0000000008000946                usart3_isr
                0x0000000008000946                tim7_isr
                0x0000000008000946                dma2d_isr
                0x0000000008000946                uart8_isr
                0x0000000008000946                dma1_stream2_isr
                0x0000000008000946                otg_hs_isr
                0x0000000008000946                blocking_handler
                0x0000000008000946                tim5_isr
                0x0000000008000946                rtc_wkup_isr
                0x0000000008000946                otg_fs_isr
                0x0000000008000946                spi1_isr
                0x0000000008000946                i2c3_er_isr
                0x0000000008000946                exti2_isr
                0x0000000008000946                spi5_isr
                0x0000000008000946                usb_fs_wkup_isr
                0x0000000008000946                tamp_stamp_isr
                0x0000000008000946                can1_rx1_isr
                0x0000000008000946                dma2_stream0_isr
                0x0000000008000946                usart1_isr
                0x0000000008000946                i2c3_ev_isr
                0x0000000008000946                usage_fault_handler
                0x0000000008000946                can2_rx0_isr
                0x0000000008000946                dma1_stream6_isr
                0x0000000008000946                can2_rx1_isr
                0x0000000008000946                can1_sce_isr
                0x0000000008000946                tim1_cc_isr
                0x0000000008000946                can1_tx_isr
                0x0000000008000946                tim1_up_tim10_isr
                0x0000000008000946                sdio_isr
                0x0000000008000946                eth_isr
                0x0000000008000946                spi6_isr
                0x0000000008000946                dma2_stream5_isr
                0x0000000008000946                pvd_isr
                0x0000000008000946                can1_rx0_isr
                0x0000000008000946                rcc_isr
                0x0000000008000946                dma2_stream3_isr
                0x0000000008000946                flash_isr
                0x0000000008000946                uart4_isr
                0x0000000008000946                lcd_tft_isr
                0x0000000008000946                rtc_alarm_isr
                0x0000000008000946                exti15_10_isr
                0x0000000008000946                hash_rng_isr
                0x0000000008000946                tim1_trg_com_tim11_isr
                0x0000000008000946                hard_fault_handler
                0x0000000008000946                exti1_isr
                0x0000000008000946                i2c1_ev_isr
                0x0000000008000946                usart6_isr
                0x0000000008000946                spi2_isr
                0x0000000008000946                cryp_isr
                0x0000000008000946                nvic_wwdg_isr
                0x0000000008000946                dma1_stream1_isr
                0x0000000008000946                dma2_stream4_isr
                0x0000000008000946                exti3_isr
                0x0000000008000946                tim3_isr
                0x0000000008000946                usart2_isr
                0x0000000008000946                sai1_isr
                0x0000000008000946                fpu_isr
                0x0000000008000946                dma1_stream4_isr
                0x0000000008000946                i2c2_er_isr
                0x0000000008000946                i2c2_ev_isr
                0x0000000008000946                uart5_isr
                0x0000000008000946                dma2_stream6_isr
                0x0000000008000946                spi4_isr
                0x0000000008000946                adc_isr
                0x0000000008000946                dma2_stream7_isr
                0x0000000008000946                tim8_up_tim13_isr
                0x0000000008000946                fsmc_isr
                0x0000000008000946                exti4_isr
                0x0000000008000946                tim6_dac_isr
                0x0000000008000946                dma1_stream3_isr
                0x0000000008000946                tim8_trg_com_tim14_isr
                0x0000000008000946                mem_manage_handler
                0x0000000008000946                lcd_tft_err_isr
                0x0000000008000946                can2_tx_isr
                0x0000000008000946                exti9_5_isr
                0x0000000008000946                tim1_brk_tim9_isr
                0x0000000008000946                uart7_isr
                0x0000000008000946                can2_sce_isr
                0x0000000008000946                tim4_isr
                0x0000000008000946                otg_hs_wkup_isr
                0x0000000008000946                i2c1_er_isr
                0x0000000008000946                dma1_stream0_isr
                0x0000000008000946                tim8_cc_isr
                0x0000000008000946                dcmi_isr
                0x0000000008000946                dma2_stream2_isr
                0x0000000008000946                eth_wkup_isr
                0x0000000008000946                bus_fault_handler
                0x0000000008000946                otg_hs_ep1_out_isr
                0x0000000008000946                spi3_isr
                0x0000000008000946                dma1_stream5_isr
                0x0000000008000946                otg_hs_ep1_in_isr
                0x0000000008000946                tim2_isr
                0x0000000008000946                exti0_isr
 .text.null_handler
                0x0000000008000948        0x2 ../libopencm3/lib/libopencm3_stm32f4.a(vector.o)
                0x0000000008000948                null_handler
                0x0000000008000948                sv_call_handler
                0x0000000008000948                pend_sv_handler
                0x0000000008000948                debug_monitor_handler
                0x0000000008000948                nmi_handler
 *fill*         0x000000000800094a        0x2 
 .text.reset_handler
                0x000000000800094c       0xa0 ../libopencm3/lib/libopencm3_stm32f4.a(vector.o)
                0x000000000800094c                reset_handler
 .text.systick_set_clocksource
                0x00000000080009ec       0x14 ../libopencm3/lib/libopencm3_stm32f4.a(systick.o)
                0x00000000080009ec                systick_set_clocksource
 .text.systick_set_frequency
                0x0000000008000a00       0x38 ../libopencm3/lib/libopencm3_stm32f4.a(systick.o)
                0x0000000008000a00                systick_set_frequency
 .text.systick_interrupt_enable
                0x0000000008000a38        0xe ../libopencm3/lib/libopencm3_stm32f4.a(systick.o)
                0x0000000008000a38                systick_interrupt_enable
 .text.systick_counter_enable
                0x0000000008000a46        0xe ../libopencm3/lib/libopencm3_stm32f4.a(systick.o)
                0x0000000008000a46                systick_counter_enable
 .text.flash_set_ws
                0x0000000008000a54       0x18 ../libopencm3/lib/libopencm3_stm32f4.a(flash_common_all.o)
                0x0000000008000a54                flash_set_ws
 .text.flash_dcache_enable
                0x0000000008000a6c       0x14 ../libopencm3/lib/libopencm3_stm32f4.a(flash_common_idcache.o)
                0x0000000008000a6c                flash_dcache_enable
 .text.flash_dcache_disable
                0x0000000008000a80       0x14 ../libopencm3/lib/libopencm3_stm32f4.a(flash_common_idcache.o)
                0x0000000008000a80                flash_dcache_disable
 .text.flash_icache_enable
                0x0000000008000a94       0x14 ../libopencm3/lib/libopencm3_stm32f4.a(flash_common_idcache.o)
                0x0000000008000a94                flash_icache_enable
 .text.flash_icache_disable
                0x0000000008000aa8       0x14 ../libopencm3/lib/libopencm3_stm32f4.a(flash_common_idcache.o)
                0x0000000008000aa8                flash_icache_disable
 .text.pwr_set_vos_scale
                0x0000000008000abc       0x18 ../libopencm3/lib/libopencm3_stm32f4.a(pwr.o)
                0x0000000008000abc                pwr_set_vos_scale
                0x0000000008000ad4                . = ALIGN (0x4)
 *(.rodata*)
 .rodata.rcc_hsi_configs
                0x0000000008000ad4       0x54 ../libopencm3/lib/libopencm3_stm32f4.a(rcc.o)
                0x0000000008000ad4                rcc_hsi_configs
                0x0000000008000b28                . = ALIGN (0x4)

.glue_7         0x0000000008000b28        0x0
 .glue_7        0x0000000008000b28        0x0 linker stubs

.glue_7t        0x0000000008000b28        0x0
 .glue_7t       0x0000000008000b28        0x0 linker stubs

.vfp11_veneer   0x0000000008000b28        0x0
 .vfp11_veneer  0x0000000008000b28        0x0 linker stubs

.v4_bx          0x0000000008000b28        0x0
 .v4_bx         0x0000000008000b28        0x0 linker stubs

.iplt           0x0000000008000b28        0x0
 .iplt          0x0000000008000b28        0x0 src/firmware.o

.rel.dyn        0x0000000008000b28        0x0
 .rel.iplt      0x0000000008000b28        0x0 src/firmware.o

.preinit_array  0x0000000008000b28        0x0
                0x0000000008000b28                . = ALIGN (0x4)
                0x0000000008000b28                __preinit_array_start = .
 *(.preinit_array)
                0x0000000008000b28                __preinit_array_end = .

.init_array     0x0000000008000b28        0x0
                0x0000000008000b28                . = ALIGN (0x4)
                0x0000000008000b28                __init_array_start = .
 *(SORT_BY_NAME(.init_array.*))
 *(.init_array)
                0x0000000008000b28                __init_array_end = .

.fini_array     0x0000000008000b28        0x0
                0x0000000008000b28                . = ALIGN (0x4)
                0x0000000008000b28                __fini_array_start = .
 *(.fini_array)
 *(SORT_BY_NAME(.fini_array.*))
                0x0000000008000b28                __fini_array_end = .

.ARM.extab
 *(.ARM.extab*)

.ARM.exidx      0x0000000008000b28        0x0
                0x0000000008000b28                __exidx_start = .
 *(.ARM.exidx*)
                0x0000000008000b28                __exidx_end = .
                0x0000000008000b28                . = ALIGN (0x4)
                0x0000000008000b28                _etext = .

.noinit
 *(.noinit*)
                0x0000000008000b28                . = ALIGN (0x4)

.data           0x0000000020000000        0xc load address 0x0000000008000b28
                0x0000000020000000                _data = .
 *(.data*)
 .data.rcc_ahb_frequency
                0x0000000020000000        0x4 ../libopencm3/lib/libopencm3_stm32f4.a(rcc.o)
                0x0000000020000000                rcc_ahb_frequency
 .data.rcc_apb1_frequency
                0x0000000020000004        0x4 ../libopencm3/lib/libopencm3_stm32f4.a(rcc.o)
                0x0000000020000004                rcc_apb1_frequency
 .data.rcc_apb2_frequency
                0x0000000020000008        0x4 ../libopencm3/lib/libopencm3_stm32f4.a(rcc.o)
                0x0000000020000008                rcc_apb2_frequency
 *(.ramtext*)
                0x000000002000000c                . = ALIGN (0x4)
                0x000000002000000c                _edata = .
                0x0000000008000b28                _data_loadaddr = LOADADDR (.data)

.igot.plt       0x000000002000000c        0x0 load address 0x0000000008000b34
 .igot.plt      0x000000002000000c        0x0 src/firmware.o

.bss            0x000000002000000c        0x4 load address 0x0000000008000b34
 *(.bss*)
 .bss.ticks     0x000000002000000c        0x4 src/core/system.o
 *(COMMON)
                0x0000000020000010                . = ALIGN (0x4)
                0x0000000020000010                _ebss = .

/DISCARD/
 *(.eh_frame)
                0x0000000020000010                . = ALIGN (0x4)
                0x0000000020000010                end = .
                0x0000000020018000                PROVIDE (_stack = (ORIGIN (ram) + LENGTH (ram)))
OUTPUT(firmware.elf elf32-littlearm)
LOAD linker stubs

.debug_info     0x0000000000000000     0x4851
 .debug_info    0x0000000000000000      0x1c6 src/firmware.o
 .debug_info    0x00000000000001c6      0x36b src/core/system.o
 .debug_info    0x0000000000000531      0x5a9 src/core/gpio.o
 .debug_info    0x0000000000000ada      0x725 src/core/timer.o
 .debug_info    0x00000000000011ff      0x266 ../libopencm3/lib/libopencm3_stm32f4.a(gpio_common_all.o)
 .debug_info    0x0000000000001465      0x233 ../libopencm3/lib/libopencm3_stm32f4.a(gpio_common_f0234.o)
 .debug_info    0x0000000000001698      0x90c ../libopencm3/lib/libopencm3_stm32f4.a(rcc_common_all.o)
 .debug_info    0x0000000000001fa4      0xf46 ../libopencm3/lib/libopencm3_stm32f4.a(rcc.o)
 .debug_info    0x0000000000002eea     0x111d ../libopencm3/lib/libopencm3_stm32f4.a(timer_common_all.o)
 .debug_info    0x0000000000004007      0x2f2 ../libopencm3/lib/libopencm3_stm32f4.a(vector.o)
 .debug_info    0x00000000000042f9      0x280 ../libopencm3/lib/libopencm3_stm32f4.a(systick.o)
 .debug_info    0x0000000000004579       0xfc ../libopencm3/lib/libopencm3_stm32f4.a(flash_common_all.o)
 .debug_info    0x0000000000004675       0xf4 ../libopencm3/lib/libopencm3_stm32f4.a(flash_common_idcache.o)
 .debug_info    0x0000000000004769       0xe8 ../libopencm3/lib/libopencm3_stm32f4.a(pwr.o)

.debug_abbrev   0x0000000000000000     0x1040
 .debug_abbrev  0x0000000000000000       0xa5 src/firmware.o
 .debug_abbrev  0x00000000000000a5      0x201 src/core/system.o
 .debug_abbrev  0x00000000000002a6       0xd9 src/core/gpio.o
 .debug_abbrev  0x000000000000037f      0x120 src/core/timer.o
 .debug_abbrev  0x000000000000049f      0x116 ../libopencm3/lib/libopencm3_stm32f4.a(gpio_common_all.o)
 .debug_abbrev  0x00000000000005b5       0xbf ../libopencm3/lib/libopencm3_stm32f4.a(gpio_common_f0234.o)
 .debug_abbrev  0x0000000000000674      0x145 ../libopencm3/lib/libopencm3_stm32f4.a(rcc_common_all.o)
 .debug_abbrev  0x00000000000007b9      0x2aa ../libopencm3/lib/libopencm3_stm32f4.a(rcc.o)
 .debug_abbrev  0x0000000000000a63      0x1a1 ../libopencm3/lib/libopencm3_stm32f4.a(timer_common_all.o)
 .debug_abbrev  0x0000000000000c04      0x15b ../libopencm3/lib/libopencm3_stm32f4.a(vector.o)
 .debug_abbrev  0x0000000000000d5f      0x155 ../libopencm3/lib/libopencm3_stm32f4.a(systick.o)
 .debug_abbrev  0x0000000000000eb4       0x9a ../libopencm3/lib/libopencm3_stm32f4.a(flash_common_all.o)
 .debug_abbrev  0x0000000000000f4e       0x56 ../libopencm3/lib/libopencm3_stm32f4.a(flash_common_idcache.o)
 .debug_abbrev  0x0000000000000fa4       0x9c ../libopencm3/lib/libopencm3_stm32f4.a(pwr.o)

.debug_loc      0x0000000000000000     0x13c2
 .debug_loc     0x0000000000000000       0x79 src/firmware.o
 .debug_loc     0x0000000000000079       0x3a src/core/system.o
 .debug_loc     0x00000000000000b3       0xa0 src/core/timer.o
 .debug_loc     0x0000000000000153       0xbe ../libopencm3/lib/libopencm3_stm32f4.a(gpio_common_all.o)
 .debug_loc     0x0000000000000211      0x14f ../libopencm3/lib/libopencm3_stm32f4.a(gpio_common_f0234.o)
 .debug_loc     0x0000000000000360       0xde ../libopencm3/lib/libopencm3_stm32f4.a(rcc_common_all.o)
 .debug_loc     0x000000000000043e      0x78a ../libopencm3/lib/libopencm3_stm32f4.a(rcc.o)
 .debug_loc     0x0000000000000bc8      0x4b2 ../libopencm3/lib/libopencm3_stm32f4.a(timer_common_all.o)
 .debug_loc     0x000000000000107a      0x128 ../libopencm3/lib/libopencm3_stm32f4.a(vector.o)
 .debug_loc     0x00000000000011a2      0x192 ../libopencm3/lib/libopencm3_stm32f4.a(systick.o)
 .debug_loc     0x0000000000001334       0x47 ../libopencm3/lib/libopencm3_stm32f4.a(flash_common_all.o)
 .debug_loc     0x000000000000137b       0x47 ../libopencm3/lib/libopencm3_stm32f4.a(pwr.o)

.debug_aranges  0x0000000000000000      0x618
 .debug_aranges
                0x0000000000000000       0x20 src/firmware.o
 .debug_aranges
                0x0000000000000020       0x38 src/core/system.o
 .debug_aranges
                0x0000000000000058       0x20 src/core/gpio.o
 .debug_aranges
                0x0000000000000078       0x28 src/core/timer.o
 .debug_aranges
                0x00000000000000a0       0x50 ../libopencm3/lib/libopencm3_stm32f4.a(gpio_common_all.o)
 .debug_aranges
                0x00000000000000f0       0x30 ../libopencm3/lib/libopencm3_stm32f4.a(gpio_common_f0234.o)
 .debug_aranges
                0x0000000000000120       0x58 ../libopencm3/lib/libopencm3_stm32f4.a(rcc_common_all.o)
 .debug_aranges
                0x0000000000000178       0xf0 ../libopencm3/lib/libopencm3_stm32f4.a(rcc.o)
 .debug_aranges
                0x0000000000000268      0x268 ../libopencm3/lib/libopencm3_stm32f4.a(timer_common_all.o)
 .debug_aranges
                0x00000000000004d0       0x30 ../libopencm3/lib/libopencm3_stm32f4.a(vector.o)
 .debug_aranges
                0x0000000000000500       0x78 ../libopencm3/lib/libopencm3_stm32f4.a(systick.o)
 .debug_aranges
                0x0000000000000578       0x38 ../libopencm3/lib/libopencm3_stm32f4.a(flash_common_all.o)
 .debug_aranges
                0x00000000000005b0       0x48 ../libopencm3/lib/libopencm3_stm32f4.a(flash_common_idcache.o)
 .debug_aranges
                0x00000000000005f8       0x20 ../libopencm3/lib/libopencm3_stm32f4.a(pwr.o)

.debug_ranges   0x0000000000000000      0x5d8
 .debug_ranges  0x0000000000000000       0x10 src/firmware.o
 .debug_ranges  0x0000000000000010       0x58 src/core/system.o
 .debug_ranges  0x0000000000000068       0x30 src/core/gpio.o
 .debug_ranges  0x0000000000000098       0x38 src/core/timer.o
 .debug_ranges  0x00000000000000d0       0x40 ../libopencm3/lib/libopencm3_stm32f4.a(gpio_common_all.o)
 .debug_ranges  0x0000000000000110       0x20 ../libopencm3/lib/libopencm3_stm32f4.a(gpio_common_f0234.o)
 .debug_ranges  0x0000000000000130       0x48 ../libopencm3/lib/libopencm3_stm32f4.a(rcc_common_all.o)
 .debug_ranges  0x0000000000000178       0xf8 ../libopencm3/lib/libopencm3_stm32f4.a(rcc.o)
 .debug_ranges  0x0000000000000270      0x258 ../libopencm3/lib/libopencm3_stm32f4.a(timer_common_all.o)
 .debug_ranges  0x00000000000004c8       0x20 ../libopencm3/lib/libopencm3_stm32f4.a(vector.o)
 .debug_ranges  0x00000000000004e8       0x80 ../libopencm3/lib/libopencm3_stm32f4.a(systick.o)
 .debug_ranges  0x0000000000000568       0x28 ../libopencm3/lib/libopencm3_stm32f4.a(flash_common_all.o)
 .debug_ranges  0x0000000000000590       0x38 ../libopencm3/lib/libopencm3_stm32f4.a(flash_common_idcache.o)
 .debug_ranges  0x00000000000005c8       0x10 ../libopencm3/lib/libopencm3_stm32f4.a(pwr.o)

.debug_macro    0x0000000000000000     0x4cb3
 .debug_macro   0x0000000000000000       0xf2 src/firmware.o
 .debug_macro   0x00000000000000f2      0xa6c src/firmware.o
 .debug_macro   0x0000000000000b5e       0x22 src/firmware.o
 .debug_macro   0x0000000000000b80       0x56 src/firmware.o
 .debug_macro   0x0000000000000bd6       0x51 src/firmware.o
 .debug_macro   0x0000000000000c27      0x103 src/firmware.o
 .debug_macro   0x0000000000000d2a       0x6a src/firmware.o
 .debug_macro   0x0000000000000d94      0x1df src/firmware.o
 .debug_macro   0x0000000000000f73       0x22 src/firmware.o
 .debug_macro   0x0000000000000f95       0x10 src/firmware.o
 .debug_macro   0x0000000000000fa5      0x100 src/firmware.o
 .debug_macro   0x00000000000010a5       0x76 src/firmware.o
 .debug_macro   0x000000000000111b      0x273 src/firmware.o
 .debug_macro   0x000000000000138e       0x76 src/firmware.o
 .debug_macro   0x0000000000001404      0x2e6 src/firmware.o
 .debug_macro   0x00000000000016ea      0x14e src/firmware.o
 .debug_macro   0x0000000000001838       0x1c src/firmware.o
 .debug_macro   0x0000000000001854      0x112 src/core/system.o
 .debug_macro   0x0000000000001966       0x69 src/core/system.o
 .debug_macro   0x00000000000019cf       0x6e src/core/system.o
 .debug_macro   0x0000000000001a3d      0x22c src/core/system.o
 .debug_macro   0x0000000000001c69      0x279 src/core/system.o
 .debug_macro   0x0000000000001ee2       0x8e src/core/system.o
 .debug_macro   0x0000000000001f70       0x28 src/core/system.o
 .debug_macro   0x0000000000001f98      0xc89 src/core/system.o
 .debug_macro   0x0000000000002c21      0x114 src/core/gpio.o
 .debug_macro   0x0000000000002d35       0x1c src/core/gpio.o
 .debug_macro   0x0000000000002d51       0xe8 src/core/gpio.o
 .debug_macro   0x0000000000002e39      0x10c src/core/timer.o
 .debug_macro   0x0000000000002f45      0xf88 src/core/timer.o
 .debug_macro   0x0000000000003ecd       0x52 src/core/timer.o
 .debug_macro   0x0000000000003f1f       0xd1 ../libopencm3/lib/libopencm3_stm32f4.a(gpio_common_all.o)
 .debug_macro   0x0000000000003ff0       0xd1 ../libopencm3/lib/libopencm3_stm32f4.a(gpio_common_f0234.o)
 .debug_macro   0x00000000000040c1       0xf0 ../libopencm3/lib/libopencm3_stm32f4.a(rcc_common_all.o)
 .debug_macro   0x00000000000041b1      0x124 ../libopencm3/lib/libopencm3_stm32f4.a(rcc.o)
 .debug_macro   0x00000000000042d5       0x16 ../libopencm3/lib/libopencm3_stm32f4.a(rcc.o)
 .debug_macro   0x00000000000042eb       0x1c ../libopencm3/lib/libopencm3_stm32f4.a(rcc.o)
 .debug_macro   0x0000000000004307      0x140 ../libopencm3/lib/libopencm3_stm32f4.a(rcc.o)
 .debug_macro   0x0000000000004447       0x10 ../libopencm3/lib/libopencm3_stm32f4.a(rcc.o)
 .debug_macro   0x0000000000004457       0xfc ../libopencm3/lib/libopencm3_stm32f4.a(timer_common_all.o)
 .debug_macro   0x0000000000004553       0xd3 ../libopencm3/lib/libopencm3_stm32f4.a(vector.o)
 .debug_macro   0x0000000000004626      0x395 ../libopencm3/lib/libopencm3_stm32f4.a(vector.o)
 .debug_macro   0x00000000000049bb       0x92 ../libopencm3/lib/libopencm3_stm32f4.a(systick.o)
 .debug_macro   0x0000000000004a4d       0xd7 ../libopencm3/lib/libopencm3_stm32f4.a(flash_common_all.o)
 .debug_macro   0x0000000000004b24       0xd7 ../libopencm3/lib/libopencm3_stm32f4.a(flash_common_idcache.o)
 .debug_macro   0x0000000000004bfb       0xb8 ../libopencm3/lib/libopencm3_stm32f4.a(pwr.o)

.debug_line     0x0000000000000000     0x4947
 .debug_line    0x0000000000000000      0x3b8 src/firmware.o
 .debug_line    0x00000000000003b8      0x44c src/core/system.o
 .debug_line    0x0000000000000804      0x381 src/core/gpio.o
 .debug_line    0x0000000000000b85      0x39d src/core/timer.o
 .debug_line    0x0000000000000f22      0x3f4 ../libopencm3/lib/libopencm3_stm32f4.a(gpio_common_all.o)
 .debug_line    0x0000000000001316      0x4dc ../libopencm3/lib/libopencm3_stm32f4.a(gpio_common_f0234.o)
 .debug_line    0x00000000000017f2      0x419 ../libopencm3/lib/libopencm3_stm32f4.a(rcc_common_all.o)
 .debug_line    0x0000000000001c0b      0xa32 ../libopencm3/lib/libopencm3_stm32f4.a(rcc.o)
 .debug_line    0x000000000000263d     0x10c3 ../libopencm3/lib/libopencm3_stm32f4.a(timer_common_all.o)
 .debug_line    0x0000000000003700      0x470 ../libopencm3/lib/libopencm3_stm32f4.a(vector.o)
 .debug_line    0x0000000000003b70      0x3bc ../libopencm3/lib/libopencm3_stm32f4.a(systick.o)
 .debug_line    0x0000000000003f2c      0x394 ../libopencm3/lib/libopencm3_stm32f4.a(flash_common_all.o)
 .debug_line    0x00000000000042c0      0x3ad ../libopencm3/lib/libopencm3_stm32f4.a(flash_common_idcache.o)
 .debug_line    0x000000000000466d      0x2da ../libopencm3/lib/libopencm3_stm32f4.a(pwr.o)

.debug_str      0x0000000000000000    0x13353
 .debug_str     0x0000000000000000     0x642f src/firmware.o
                                       0x65a3 (size before relaxing)
 .debug_str     0x000000000000642f     0x491c src/core/system.o
                                       0x9aa6 (size before relaxing)
 .debug_str     0x000000000000ad4b      0x63d src/core/gpio.o
                                       0xa648 (size before relaxing)
 .debug_str     0x000000000000b388     0x43c4 src/core/timer.o
                                       0xd630 (size before relaxing)
 .debug_str     0x000000000000f74c      0x16f ../libopencm3/lib/libopencm3_stm32f4.a(gpio_common_all.o)
                                       0x653a (size before relaxing)
 .debug_str     0x000000000000f8bb       0x79 ../libopencm3/lib/libopencm3_stm32f4.a(gpio_common_f0234.o)
                                       0x655c (size before relaxing)
 .debug_str     0x000000000000f934      0x44e ../libopencm3/lib/libopencm3_stm32f4.a(rcc_common_all.o)
                                       0x96b1 (size before relaxing)
 .debug_str     0x000000000000fd82      0xaee ../libopencm3/lib/libopencm3_stm32f4.a(rcc.o)
                                       0x9efb (size before relaxing)
 .debug_str     0x0000000000010870      0x976 ../libopencm3/lib/libopencm3_stm32f4.a(timer_common_all.o)
                                       0xd99a (size before relaxing)
 .debug_str     0x00000000000111e6     0x1fe5 ../libopencm3/lib/libopencm3_stm32f4.a(vector.o)
                                       0x6b0d (size before relaxing)
 .debug_str     0x00000000000131cb       0xd7 ../libopencm3/lib/libopencm3_stm32f4.a(systick.o)
                                       0x4494 (size before relaxing)
 .debug_str     0x00000000000132a2       0x64 ../libopencm3/lib/libopencm3_stm32f4.a(flash_common_all.o)
                                       0x5891 (size before relaxing)
 .debug_str     0x0000000000013306       0x47 ../libopencm3/lib/libopencm3_stm32f4.a(flash_common_idcache.o)
                                       0x58b3 (size before relaxing)
 .debug_str     0x000000000001334d        0x6 ../libopencm3/lib/libopencm3_stm32f4.a(pwr.o)
                                       0x548f (size before relaxing)

.comment        0x0000000000000000       0x49
 .comment       0x0000000000000000       0x49 src/firmware.o
                                         0x4a (size before relaxing)
 .comment       0x0000000000000049       0x4a src/core/system.o
 .comment       0x0000000000000049       0x4a src/core/gpio.o
 .comment       0x0000000000000049       0x4a src/core/timer.o
 .comment       0x0000000000000049       0x4a ../libopencm3/lib/libopencm3_stm32f4.a(gpio_common_all.o)
 .comment       0x0000000000000049       0x4a ../libopencm3/lib/libopencm3_stm32f4.a(gpio_common_f0234.o)
 .comment       0x0000000000000049       0x4a ../libopencm3/lib/libopencm3_stm32f4.a(rcc_common_all.o)
 .comment       0x0000000000000049       0x4a ../libopencm3/lib/libopencm3_stm32f4.a(rcc.o)
 .comment       0x0000000000000049       0x4a ../libopencm3/lib/libopencm3_stm32f4.a(timer_common_all.o)
 .comment       0x0000000000000049       0x4a ../libopencm3/lib/libopencm3_stm32f4.a(vector.o)
 .comment       0x0000000000000049       0x4a ../libopencm3/lib/libopencm3_stm32f4.a(systick.o)
 .comment       0x0000000000000049       0x4a ../libopencm3/lib/libopencm3_stm32f4.a(flash_common_all.o)
 .comment       0x0000000000000049       0x4a ../libopencm3/lib/libopencm3_stm32f4.a(flash_common_idcache.o)
 .comment       0x0000000000000049       0x4a ../libopencm3/lib/libopencm3_stm32f4.a(pwr.o)

.ARM.attributes
                0x0000000000000000       0x34
 .ARM.attributes
                0x0000000000000000       0x34 src/firmware.o
 .ARM.attributes
                0x0000000000000034       0x34 src/core/system.o
 .ARM.attributes
                0x0000000000000068       0x34 src/core/gpio.o
 .ARM.attributes
                0x000000000000009c       0x34 src/core/timer.o
 .ARM.attributes
                0x00000000000000d0       0x34 ../libopencm3/lib/libopencm3_stm32f4.a(gpio_common_all.o)
 .ARM.attributes
                0x0000000000000104       0x34 ../libopencm3/lib/libopencm3_stm32f4.a(gpio_common_f0234.o)
 .ARM.attributes
                0x0000000000000138       0x34 ../libopencm3/lib/libopencm3_stm32f4.a(rcc_common_all.o)
 .ARM.attributes
                0x000000000000016c       0x34 ../libopencm3/lib/libopencm3_stm32f4.a(rcc.o)
 .ARM.attributes
                0x00000000000001a0       0x34 ../libopencm3/lib/libopencm3_stm32f4.a(timer_common_all.o)
 .ARM.attributes
                0x00000000000001d4       0x34 ../libopencm3/lib/libopencm3_stm32f4.a(vector.o)
 .ARM.attributes
                0x0000000000000208       0x34 ../libopencm3/lib/libopencm3_stm32f4.a(systick.o)
 .ARM.attributes
                0x000000000000023c       0x34 ../libopencm3/lib/libopencm3_stm32f4.a(flash_common_all.o)
 .ARM.attributes
                0x0000000000000270       0x34 ../libopencm3/lib/libopencm3_stm32f4.a(flash_common_idcache.o)
 .ARM.attributes
                0x00000000000002a4       0x34 ../libopencm3/lib/libopencm3_stm32f4.a(pwr.o)

.debug_frame    0x0000000000000000      0xb80
 .debug_frame   0x0000000000000000       0x3c src/firmware.o
 .debug_frame   0x000000000000003c       0x5c src/core/system.o
 .debug_frame   0x0000000000000098       0x2c src/core/gpio.o
 .debug_frame   0x00000000000000c4       0x3c src/core/timer.o
 .debug_frame   0x0000000000000100       0x80 ../libopencm3/lib/libopencm3_stm32f4.a(gpio_common_all.o)
 .debug_frame   0x0000000000000180       0x70 ../libopencm3/lib/libopencm3_stm32f4.a(gpio_common_f0234.o)
 .debug_frame   0x00000000000001f0       0xd0 ../libopencm3/lib/libopencm3_stm32f4.a(rcc_common_all.o)
 .debug_frame   0x00000000000002c0      0x1f4 ../libopencm3/lib/libopencm3_stm32f4.a(rcc.o)
 .debug_frame   0x00000000000004b4      0x4c8 ../libopencm3/lib/libopencm3_stm32f4.a(timer_common_all.o)
 .debug_frame   0x000000000000097c       0x4c ../libopencm3/lib/libopencm3_stm32f4.a(vector.o)
 .debug_frame   0x00000000000009c8       0xd8 ../libopencm3/lib/libopencm3_stm32f4.a(systick.o)
 .debug_frame   0x0000000000000aa0       0x50 ../libopencm3/lib/libopencm3_stm32f4.a(flash_common_all.o)
 .debug_frame   0x0000000000000af0       0x70 ../libopencm3/lib/libopencm3_stm32f4.a(flash_common_idcache.o)
 .debug_frame   0x0000000000000b60       0x20 ../libopencm3/lib/libopencm3_stm32f4.a(pwr.o)

Cross Reference Table

Symbol                                            File
__fini_array_end                                  ../libopencm3/lib/libopencm3_stm32f4.a(vector.o)
__fini_array_start                                ../libopencm3/lib/libopencm3_stm32f4.a(vector.o)
__init_array_end                                  ../libopencm3/lib/libopencm3_stm32f4.a(vector.o)
__init_array_start                                ../libopencm3/lib/libopencm3_stm32f4.a(vector.o)
__preinit_array_end                               ../libopencm3/lib/libopencm3_stm32f4.a(vector.o)
__preinit_array_start                             ../libopencm3/lib/libopencm3_stm32f4.a(vector.o)
_data                                             ../libopencm3/lib/libopencm3_stm32f4.a(vector.o)
_data_loadaddr                                    ../libopencm3/lib/libopencm3_stm32f4.a(vector.o)
_ebss                                             ../libopencm3/lib/libopencm3_stm32f4.a(vector.o)
_edata                                            ../libopencm3/lib/libopencm3_stm32f4.a(vector.o)
_stack                                            ../libopencm3/lib/libopencm3_stm32f4.a(vector.o)
adc_isr                                           ../libopencm3/lib/libopencm3_stm32f4.a(vector.o)
blocking_handler                                  ../libopencm3/lib/libopencm3_stm32f4.a(vector.o)
bus_fault_handler                                 ../libopencm3/lib/libopencm3_stm32f4.a(vector.o)
can1_rx0_isr                                      ../libopencm3/lib/libopencm3_stm32f4.a(vector.o)
can1_rx1_isr                                      ../libopencm3/lib/libopencm3_stm32f4.a(vector.o)
can1_sce_isr                                      ../libopencm3/lib/libopencm3_stm32f4.a(vector.o)
can1_tx_isr                                       ../libopencm3/lib/libopencm3_stm32f4.a(vector.o)
can2_rx0_isr                                      ../libopencm3/lib/libopencm3_stm32f4.a(vector.o)
can2_rx1_isr                                      ../libopencm3/lib/libopencm3_stm32f4.a(vector.o)
can2_sce_isr                                      ../libopencm3/lib/libopencm3_stm32f4.a(vector.o)
can2_tx_isr                                       ../libopencm3/lib/libopencm3_stm32f4.a(vector.o)
cryp_isr                                          ../libopencm3/lib/libopencm3_stm32f4.a(vector.o)
dcmi_isr                                          ../libopencm3/lib/libopencm3_stm32f4.a(vector.o)
debug_monitor_handler                             ../libopencm3/lib/libopencm3_stm32f4.a(vector.o)
dma1_stream0_isr                                  ../libopencm3/lib/libopencm3_stm32f4.a(vector.o)
dma1_stream1_isr                                  ../libopencm3/lib/libopencm3_stm32f4.a(vector.o)
dma1_stream2_isr                                  ../libopencm3/lib/libopencm3_stm32f4.a(vector.o)
dma1_stream3_isr                                  ../libopencm3/lib/libopencm3_stm32f4.a(vector.o)
dma1_stream4_isr                                  ../libopencm3/lib/libopencm3_stm32f4.a(vector.o)
dma1_stream5_isr                                  ../libopencm3/lib/libopencm3_stm32f4.a(vector.o)
dma1_stream6_isr                                  ../libopencm3/lib/libopencm3_stm32f4.a(vector.o)
dma1_stream7_isr                                  ../libopencm3/lib/libopencm3_stm32f4.a(vector.o)
dma2_stream0_isr                                  ../libopencm3/lib/libopencm3_stm32f4.a(vector.o)
dma2_stream1_isr                                  ../libopencm3/lib/libopencm3_stm32f4.a(vector.o)
dma2_stream2_isr                                  ../libopencm3/lib/libopencm3_stm32f4.a(vector.o)
dma2_stream3_isr                                  ../libopencm3/lib/libopencm3_stm32f4.a(vector.o)
dma2_stream4_isr                                  ../libopencm3/lib/libopencm3_stm32f4.a(vector.o)
dma2_stream5_isr                                  ../libopencm3/lib/libopencm3_stm32f4.a(vector.o)
dma2_stream6_isr                                  ../libopencm3/lib/libopencm3_stm32f4.a(vector.o)
dma2_stream7_isr                                  ../libopencm3/lib/libopencm3_stm32f4.a(vector.o)
dma2d_isr                                         ../libopencm3/lib/libopencm3_stm32f4.a(vector.o)
eth_isr                                           ../libopencm3/lib/libopencm3_stm32f4.a(vector.o)
eth_wkup_isr                                      ../libopencm3/lib/libopencm3_stm32f4.a(vector.o)
exti0_isr                                         ../libopencm3/lib/libopencm3_stm32f4.a(vector.o)
exti15_10_isr                                     ../libopencm3/lib/libopencm3_stm32f4.a(vector.o)
exti1_isr                                         ../libopencm3/lib/libopencm3_stm32f4.a(vector.o)
exti2_isr                                         ../libopencm3/lib/libopencm3_stm32f4.a(vector.o)
exti3_isr                                         ../libopencm3/lib/libopencm3_stm32f4.a(vector.o)
exti4_isr                                         ../libopencm3/lib/libopencm3_stm32f4.a(vector.o)
exti9_5_isr                                       ../libopencm3/lib/libopencm3_stm32f4.a(vector.o)
flash_dcache_disable                              ../libopencm3/lib/libopencm3_stm32f4.a(flash_common_idcache.o)
                                                  ../libopencm3/lib/libopencm3_stm32f4.a(rcc.o)
flash_dcache_enable                               ../libopencm3/lib/libopencm3_stm32f4.a(flash_common_idcache.o)
                                                  ../libopencm3/lib/libopencm3_stm32f4.a(rcc.o)
flash_dcache_reset                                ../libopencm3/lib/libopencm3_stm32f4.a(flash_common_idcache.o)
flash_icache_disable                              ../libopencm3/lib/libopencm3_stm32f4.a(flash_common_idcache.o)
                                                  ../libopencm3/lib/libopencm3_stm32f4.a(rcc.o)
flash_icache_enable                               ../libopencm3/lib/libopencm3_stm32f4.a(flash_common_idcache.o)
                                                  ../libopencm3/lib/libopencm3_stm32f4.a(rcc.o)
flash_icache_reset                                ../libopencm3/lib/libopencm3_stm32f4.a(flash_common_idcache.o)
flash_isr                                         ../libopencm3/lib/libopencm3_stm32f4.a(vector.o)
flash_prefetch_disable                            ../libopencm3/lib/libopencm3_stm32f4.a(flash_common_all.o)
flash_prefetch_enable                             ../libopencm3/lib/libopencm3_stm32f4.a(flash_common_all.o)
flash_set_ws                                      ../libopencm3/lib/libopencm3_stm32f4.a(flash_common_all.o)
                                                  ../libopencm3/lib/libopencm3_stm32f4.a(rcc.o)
flash_unlock_option_bytes                         ../libopencm3/lib/libopencm3_stm32f4.a(flash_common_all.o)
fpu_isr                                           ../libopencm3/lib/libopencm3_stm32f4.a(vector.o)
fsmc_isr                                          ../libopencm3/lib/libopencm3_stm32f4.a(vector.o)
gpio_clear                                        ../libopencm3/lib/libopencm3_stm32f4.a(gpio_common_all.o)
gpio_get                                          ../libopencm3/lib/libopencm3_stm32f4.a(gpio_common_all.o)
gpio_init                                         src/core/gpio.o
                                                  src/firmware.o
gpio_mode_setup                                   ../libopencm3/lib/libopencm3_stm32f4.a(gpio_common_f0234.o)
                                                  src/core/gpio.o
gpio_port_config_lock                             ../libopencm3/lib/libopencm3_stm32f4.a(gpio_common_all.o)
gpio_port_read                                    ../libopencm3/lib/libopencm3_stm32f4.a(gpio_common_all.o)
gpio_port_write                                   ../libopencm3/lib/libopencm3_stm32f4.a(gpio_common_all.o)
gpio_set                                          ../libopencm3/lib/libopencm3_stm32f4.a(gpio_common_all.o)
gpio_set_af                                       ../libopencm3/lib/libopencm3_stm32f4.a(gpio_common_f0234.o)
                                                  src/core/gpio.o
gpio_set_output_options                           ../libopencm3/lib/libopencm3_stm32f4.a(gpio_common_f0234.o)
gpio_toggle                                       ../libopencm3/lib/libopencm3_stm32f4.a(gpio_common_all.o)
                                                  src/firmware.o
hard_fault_handler                                ../libopencm3/lib/libopencm3_stm32f4.a(vector.o)
hash_rng_isr                                      ../libopencm3/lib/libopencm3_stm32f4.a(vector.o)
i2c1_er_isr                                       ../libopencm3/lib/libopencm3_stm32f4.a(vector.o)
i2c1_ev_isr                                       ../libopencm3/lib/libopencm3_stm32f4.a(vector.o)
i2c2_er_isr                                       ../libopencm3/lib/libopencm3_stm32f4.a(vector.o)
i2c2_ev_isr                                       ../libopencm3/lib/libopencm3_stm32f4.a(vector.o)
i2c3_er_isr                                       ../libopencm3/lib/libopencm3_stm32f4.a(vector.o)
i2c3_ev_isr                                       ../libopencm3/lib/libopencm3_stm32f4.a(vector.o)
lcd_tft_err_isr                                   ../libopencm3/lib/libopencm3_stm32f4.a(vector.o)
lcd_tft_isr                                       ../libopencm3/lib/libopencm3_stm32f4.a(vector.o)
main                                              src/firmware.o
                                                  ../libopencm3/lib/libopencm3_stm32f4.a(vector.o)
mem_manage_handler                                ../libopencm3/lib/libopencm3_stm32f4.a(vector.o)
nmi_handler                                       ../libopencm3/lib/libopencm3_stm32f4.a(vector.o)
null_handler                                      ../libopencm3/lib/libopencm3_stm32f4.a(vector.o)
nvic_wwdg_isr                                     ../libopencm3/lib/libopencm3_stm32f4.a(vector.o)
otg_fs_isr                                        ../libopencm3/lib/libopencm3_stm32f4.a(vector.o)
otg_hs_ep1_in_isr                                 ../libopencm3/lib/libopencm3_stm32f4.a(vector.o)
otg_hs_ep1_out_isr                                ../libopencm3/lib/libopencm3_stm32f4.a(vector.o)
otg_hs_isr                                        ../libopencm3/lib/libopencm3_stm32f4.a(vector.o)
otg_hs_wkup_isr                                   ../libopencm3/lib/libopencm3_stm32f4.a(vector.o)
pend_sv_handler                                   ../libopencm3/lib/libopencm3_stm32f4.a(vector.o)
pvd_isr                                           ../libopencm3/lib/libopencm3_stm32f4.a(vector.o)
pwr_set_vos_scale                                 ../libopencm3/lib/libopencm3_stm32f4.a(pwr.o)
                                                  ../libopencm3/lib/libopencm3_stm32f4.a(rcc.o)
rcc_ahb_frequency                                 ../libopencm3/lib/libopencm3_stm32f4.a(rcc.o)
rcc_apb1_frequency                                ../libopencm3/lib/libopencm3_stm32f4.a(rcc.o)
rcc_apb2_frequency                                ../libopencm3/lib/libopencm3_stm32f4.a(rcc.o)
rcc_clock_setup_hse_3v3                           ../libopencm3/lib/libopencm3_stm32f4.a(rcc.o)
rcc_clock_setup_pll                               ../libopencm3/lib/libopencm3_stm32f4.a(rcc.o)
                                                  src/core/system.o
rcc_css_disable                                   ../libopencm3/lib/libopencm3_stm32f4.a(rcc.o)
rcc_css_enable                                    ../libopencm3/lib/libopencm3_stm32f4.a(rcc.o)
rcc_css_int_clear                                 ../libopencm3/lib/libopencm3_stm32f4.a(rcc.o)
rcc_css_int_flag                                  ../libopencm3/lib/libopencm3_stm32f4.a(rcc.o)
rcc_hse_12mhz_3v3                                 ../libopencm3/lib/libopencm3_stm32f4.a(rcc.o)
rcc_hse_16mhz_3v3                                 ../libopencm3/lib/libopencm3_stm32f4.a(rcc.o)
rcc_hse_25mhz_3v3                                 ../libopencm3/lib/libopencm3_stm32f4.a(rcc.o)
rcc_hse_8mhz_3v3                                  ../libopencm3/lib/libopencm3_stm32f4.a(rcc.o)
rcc_hsi_configs                                   ../libopencm3/lib/libopencm3_stm32f4.a(rcc.o)
                                                  src/core/system.o
rcc_is_osc_ready                                  ../libopencm3/lib/libopencm3_stm32f4.a(rcc.o)
rcc_isr                                           ../libopencm3/lib/libopencm3_stm32f4.a(vector.o)
rcc_osc_bypass_disable                            ../libopencm3/lib/libopencm3_stm32f4.a(rcc_common_all.o)
rcc_osc_bypass_enable                             ../libopencm3/lib/libopencm3_stm32f4.a(rcc_common_all.o)
rcc_osc_off                                       ../libopencm3/lib/libopencm3_stm32f4.a(rcc.o)
rcc_osc_on                                        ../libopencm3/lib/libopencm3_stm32f4.a(rcc.o)
rcc_osc_ready_int_clear                           ../libopencm3/lib/libopencm3_stm32f4.a(rcc.o)
rcc_osc_ready_int_disable                         ../libopencm3/lib/libopencm3_stm32f4.a(rcc.o)
rcc_osc_ready_int_enable                          ../libopencm3/lib/libopencm3_stm32f4.a(rcc.o)
rcc_osc_ready_int_flag                            ../libopencm3/lib/libopencm3_stm32f4.a(rcc.o)
rcc_periph_clock_disable                          ../libopencm3/lib/libopencm3_stm32f4.a(rcc_common_all.o)
rcc_periph_clock_enable                           ../libopencm3/lib/libopencm3_stm32f4.a(rcc_common_all.o)
                                                  ../libopencm3/lib/libopencm3_stm32f4.a(rcc.o)
                                                  src/core/timer.o
                                                  src/core/gpio.o
rcc_periph_reset_hold                             ../libopencm3/lib/libopencm3_stm32f4.a(rcc_common_all.o)
rcc_periph_reset_pulse                            ../libopencm3/lib/libopencm3_stm32f4.a(rcc_common_all.o)
rcc_periph_reset_release                          ../libopencm3/lib/libopencm3_stm32f4.a(rcc_common_all.o)
rcc_peripheral_clear_reset                        ../libopencm3/lib/libopencm3_stm32f4.a(rcc_common_all.o)
rcc_peripheral_disable_clock                      ../libopencm3/lib/libopencm3_stm32f4.a(rcc_common_all.o)
rcc_peripheral_enable_clock                       ../libopencm3/lib/libopencm3_stm32f4.a(rcc_common_all.o)
rcc_peripheral_reset                              ../libopencm3/lib/libopencm3_stm32f4.a(rcc_common_all.o)
rcc_plli2s_config                                 ../libopencm3/lib/libopencm3_stm32f4.a(rcc.o)
rcc_pllsai_config                                 ../libopencm3/lib/libopencm3_stm32f4.a(rcc.o)
rcc_pllsai_postscalers                            ../libopencm3/lib/libopencm3_stm32f4.a(rcc.o)
rcc_set_hpre                                      ../libopencm3/lib/libopencm3_stm32f4.a(rcc.o)
rcc_set_main_pll_hse                              ../libopencm3/lib/libopencm3_stm32f4.a(rcc.o)
rcc_set_main_pll_hsi                              ../libopencm3/lib/libopencm3_stm32f4.a(rcc.o)
rcc_set_mco                                       ../libopencm3/lib/libopencm3_stm32f4.a(rcc_common_all.o)
rcc_set_pll_source                                ../libopencm3/lib/libopencm3_stm32f4.a(rcc.o)
rcc_set_ppre1                                     ../libopencm3/lib/libopencm3_stm32f4.a(rcc.o)
rcc_set_ppre2                                     ../libopencm3/lib/libopencm3_stm32f4.a(rcc.o)
rcc_set_rtcpre                                    ../libopencm3/lib/libopencm3_stm32f4.a(rcc.o)
rcc_set_sysclk_source                             ../libopencm3/lib/libopencm3_stm32f4.a(rcc.o)
rcc_system_clock_source                           ../libopencm3/lib/libopencm3_stm32f4.a(rcc.o)
rcc_wait_for_osc_ready                            ../libopencm3/lib/libopencm3_stm32f4.a(rcc.o)
rcc_wait_for_sysclk_status                        ../libopencm3/lib/libopencm3_stm32f4.a(rcc.o)
reset_handler                                     ../libopencm3/lib/libopencm3_stm32f4.a(vector.o)
rtc_alarm_isr                                     ../libopencm3/lib/libopencm3_stm32f4.a(vector.o)
rtc_wkup_isr                                      ../libopencm3/lib/libopencm3_stm32f4.a(vector.o)
sai1_isr                                          ../libopencm3/lib/libopencm3_stm32f4.a(vector.o)
sdio_isr                                          ../libopencm3/lib/libopencm3_stm32f4.a(vector.o)
spi1_isr                                          ../libopencm3/lib/libopencm3_stm32f4.a(vector.o)
spi2_isr                                          ../libopencm3/lib/libopencm3_stm32f4.a(vector.o)
spi3_isr                                          ../libopencm3/lib/libopencm3_stm32f4.a(vector.o)
spi4_isr                                          ../libopencm3/lib/libopencm3_stm32f4.a(vector.o)
spi5_isr                                          ../libopencm3/lib/libopencm3_stm32f4.a(vector.o)
spi6_isr                                          ../libopencm3/lib/libopencm3_stm32f4.a(vector.o)
sv_call_handler                                   ../libopencm3/lib/libopencm3_stm32f4.a(vector.o)
sys_tick_handler                                  src/core/system.o
system_delay                                      src/core/system.o
system_get_ticks                                  src/core/system.o
                                                  src/firmware.o
system_init                                       src/core/system.o
                                                  src/firmware.o
systick_clear                                     ../libopencm3/lib/libopencm3_stm32f4.a(systick.o)
systick_counter_disable                           ../libopencm3/lib/libopencm3_stm32f4.a(systick.o)
systick_counter_enable                            ../libopencm3/lib/libopencm3_stm32f4.a(systick.o)
                                                  src/core/system.o
systick_get_calib                                 ../libopencm3/lib/libopencm3_stm32f4.a(systick.o)
systick_get_countflag                             ../libopencm3/lib/libopencm3_stm32f4.a(systick.o)
systick_get_reload                                ../libopencm3/lib/libopencm3_stm32f4.a(systick.o)
systick_get_value                                 ../libopencm3/lib/libopencm3_stm32f4.a(systick.o)
systick_interrupt_disable                         ../libopencm3/lib/libopencm3_stm32f4.a(systick.o)
systick_interrupt_enable                          ../libopencm3/lib/libopencm3_stm32f4.a(systick.o)
                                                  src/core/system.o
systick_set_clocksource                           ../libopencm3/lib/libopencm3_stm32f4.a(systick.o)
systick_set_frequency                             ../libopencm3/lib/libopencm3_stm32f4.a(systick.o)
                                                  src/core/system.o
systick_set_reload                                ../libopencm3/lib/libopencm3_stm32f4.a(systick.o)
tamp_stamp_isr                                    ../libopencm3/lib/libopencm3_stm32f4.a(vector.o)
tim1_brk_tim9_isr                                 ../libopencm3/lib/libopencm3_stm32f4.a(vector.o)
tim1_cc_isr                                       ../libopencm3/lib/libopencm3_stm32f4.a(vector.o)
tim1_trg_com_tim11_isr                            ../libopencm3/lib/libopencm3_stm32f4.a(vector.o)
tim1_up_tim10_isr                                 ../libopencm3/lib/libopencm3_stm32f4.a(vector.o)
tim2_isr                                          ../libopencm3/lib/libopencm3_stm32f4.a(vector.o)
tim3_isr                                          ../libopencm3/lib/libopencm3_stm32f4.a(vector.o)
tim4_isr                                          ../libopencm3/lib/libopencm3_stm32f4.a(vector.o)
tim5_isr                                          ../libopencm3/lib/libopencm3_stm32f4.a(vector.o)
tim6_dac_isr                                      ../libopencm3/lib/libopencm3_stm32f4.a(vector.o)
tim7_isr                                          ../libopencm3/lib/libopencm3_stm32f4.a(vector.o)
tim8_brk_tim12_isr                                ../libopencm3/lib/libopencm3_stm32f4.a(vector.o)
tim8_cc_isr                                       ../libopencm3/lib/libopencm3_stm32f4.a(vector.o)
tim8_trg_com_tim14_isr                            ../libopencm3/lib/libopencm3_stm32f4.a(vector.o)
tim8_up_tim13_isr                                 ../libopencm3/lib/libopencm3_stm32f4.a(vector.o)
timer_clear_flag                                  ../libopencm3/lib/libopencm3_stm32f4.a(timer_common_all.o)
timer_continuous_mode                             ../libopencm3/lib/libopencm3_stm32f4.a(timer_common_all.o)
timer_direction_down                              ../libopencm3/lib/libopencm3_stm32f4.a(timer_common_all.o)
timer_direction_up                                ../libopencm3/lib/libopencm3_stm32f4.a(timer_common_all.o)
timer_disable_break                               ../libopencm3/lib/libopencm3_stm32f4.a(timer_common_all.o)
timer_disable_break_automatic_output              ../libopencm3/lib/libopencm3_stm32f4.a(timer_common_all.o)
timer_disable_break_main_output                   ../libopencm3/lib/libopencm3_stm32f4.a(timer_common_all.o)
timer_disable_compare_control_update_on_trigger   ../libopencm3/lib/libopencm3_stm32f4.a(timer_common_all.o)
timer_disable_counter                             ../libopencm3/lib/libopencm3_stm32f4.a(timer_common_all.o)
timer_disable_irq                                 ../libopencm3/lib/libopencm3_stm32f4.a(timer_common_all.o)
timer_disable_oc_clear                            ../libopencm3/lib/libopencm3_stm32f4.a(timer_common_all.o)
timer_disable_oc_output                           ../libopencm3/lib/libopencm3_stm32f4.a(timer_common_all.o)
timer_disable_oc_preload                          ../libopencm3/lib/libopencm3_stm32f4.a(timer_common_all.o)
timer_disable_preload                             ../libopencm3/lib/libopencm3_stm32f4.a(timer_common_all.o)
timer_disable_preload_complementry_enable_bits    ../libopencm3/lib/libopencm3_stm32f4.a(timer_common_all.o)
timer_disable_update_event                        ../libopencm3/lib/libopencm3_stm32f4.a(timer_common_all.o)
timer_enable_break                                ../libopencm3/lib/libopencm3_stm32f4.a(timer_common_all.o)
timer_enable_break_automatic_output               ../libopencm3/lib/libopencm3_stm32f4.a(timer_common_all.o)
timer_enable_break_main_output                    ../libopencm3/lib/libopencm3_stm32f4.a(timer_common_all.o)
timer_enable_compare_control_update_on_trigger    ../libopencm3/lib/libopencm3_stm32f4.a(timer_common_all.o)
timer_enable_counter                              ../libopencm3/lib/libopencm3_stm32f4.a(timer_common_all.o)
                                                  src/core/timer.o
timer_enable_irq                                  ../libopencm3/lib/libopencm3_stm32f4.a(timer_common_all.o)
timer_enable_oc_clear                             ../libopencm3/lib/libopencm3_stm32f4.a(timer_common_all.o)
timer_enable_oc_output                            ../libopencm3/lib/libopencm3_stm32f4.a(timer_common_all.o)
                                                  src/core/timer.o
timer_enable_oc_preload                           ../libopencm3/lib/libopencm3_stm32f4.a(timer_common_all.o)
timer_enable_preload                              ../libopencm3/lib/libopencm3_stm32f4.a(timer_common_all.o)
timer_enable_preload_complementry_enable_bits     ../libopencm3/lib/libopencm3_stm32f4.a(timer_common_all.o)
timer_enable_update_event                         ../libopencm3/lib/libopencm3_stm32f4.a(timer_common_all.o)
timer_generate_event                              ../libopencm3/lib/libopencm3_stm32f4.a(timer_common_all.o)
timer_get_counter                                 ../libopencm3/lib/libopencm3_stm32f4.a(timer_common_all.o)
timer_get_flag                                    ../libopencm3/lib/libopencm3_stm32f4.a(timer_common_all.o)
timer_ic_disable                                  ../libopencm3/lib/libopencm3_stm32f4.a(timer_common_all.o)
timer_ic_enable                                   ../libopencm3/lib/libopencm3_stm32f4.a(timer_common_all.o)
timer_ic_set_filter                               ../libopencm3/lib/libopencm3_stm32f4.a(timer_common_all.o)
timer_ic_set_input                                ../libopencm3/lib/libopencm3_stm32f4.a(timer_common_all.o)
timer_ic_set_prescaler                            ../libopencm3/lib/libopencm3_stm32f4.a(timer_common_all.o)
timer_init                                        src/core/timer.o
                                                  src/firmware.o
timer_interrupt_source                            ../libopencm3/lib/libopencm3_stm32f4.a(timer_common_all.o)
timer_one_shot_mode                               ../libopencm3/lib/libopencm3_stm32f4.a(timer_common_all.o)
timer_pwm_set_duty_cycle                          src/core/timer.o
                                                  src/firmware.o
timer_reset_output_idle_state                     ../libopencm3/lib/libopencm3_stm32f4.a(timer_common_all.o)
timer_set_alignment                               ../libopencm3/lib/libopencm3_stm32f4.a(timer_common_all.o)
timer_set_break_lock                              ../libopencm3/lib/libopencm3_stm32f4.a(timer_common_all.o)
timer_set_break_polarity_high                     ../libopencm3/lib/libopencm3_stm32f4.a(timer_common_all.o)
timer_set_break_polarity_low                      ../libopencm3/lib/libopencm3_stm32f4.a(timer_common_all.o)
timer_set_clock_division                          ../libopencm3/lib/libopencm3_stm32f4.a(timer_common_all.o)
timer_set_counter                                 ../libopencm3/lib/libopencm3_stm32f4.a(timer_common_all.o)
timer_set_deadtime                                ../libopencm3/lib/libopencm3_stm32f4.a(timer_common_all.o)
timer_set_disabled_off_state_in_idle_mode         ../libopencm3/lib/libopencm3_stm32f4.a(timer_common_all.o)
timer_set_disabled_off_state_in_run_mode          ../libopencm3/lib/libopencm3_stm32f4.a(timer_common_all.o)
timer_set_dma_on_compare_event                    ../libopencm3/lib/libopencm3_stm32f4.a(timer_common_all.o)
timer_set_dma_on_update_event                     ../libopencm3/lib/libopencm3_stm32f4.a(timer_common_all.o)
timer_set_enabled_off_state_in_idle_mode          ../libopencm3/lib/libopencm3_stm32f4.a(timer_common_all.o)
timer_set_enabled_off_state_in_run_mode           ../libopencm3/lib/libopencm3_stm32f4.a(timer_common_all.o)
timer_set_master_mode                             ../libopencm3/lib/libopencm3_stm32f4.a(timer_common_all.o)
timer_set_mode                                    ../libopencm3/lib/libopencm3_stm32f4.a(timer_common_all.o)
                                                  src/core/timer.o
timer_set_oc_fast_mode                            ../libopencm3/lib/libopencm3_stm32f4.a(timer_common_all.o)
timer_set_oc_idle_state_set                       ../libopencm3/lib/libopencm3_stm32f4.a(timer_common_all.o)
timer_set_oc_idle_state_unset                     ../libopencm3/lib/libopencm3_stm32f4.a(timer_common_all.o)
timer_set_oc_mode                                 ../libopencm3/lib/libopencm3_stm32f4.a(timer_common_all.o)
                                                  src/core/timer.o
timer_set_oc_polarity_high                        ../libopencm3/lib/libopencm3_stm32f4.a(timer_common_all.o)
timer_set_oc_polarity_low                         ../libopencm3/lib/libopencm3_stm32f4.a(timer_common_all.o)
timer_set_oc_slow_mode                            ../libopencm3/lib/libopencm3_stm32f4.a(timer_common_all.o)
timer_set_oc_value                                ../libopencm3/lib/libopencm3_stm32f4.a(timer_common_all.o)
                                                  src/core/timer.o
timer_set_output_idle_state                       ../libopencm3/lib/libopencm3_stm32f4.a(timer_common_all.o)
timer_set_period                                  ../libopencm3/lib/libopencm3_stm32f4.a(timer_common_all.o)
                                                  src/core/timer.o
timer_set_prescaler                               ../libopencm3/lib/libopencm3_stm32f4.a(timer_common_all.o)
                                                  src/core/timer.o
timer_set_repetition_counter                      ../libopencm3/lib/libopencm3_stm32f4.a(timer_common_all.o)
timer_set_ti1_ch1                                 ../libopencm3/lib/libopencm3_stm32f4.a(timer_common_all.o)
timer_set_ti1_ch123_xor                           ../libopencm3/lib/libopencm3_stm32f4.a(timer_common_all.o)
timer_slave_set_filter                            ../libopencm3/lib/libopencm3_stm32f4.a(timer_common_all.o)
timer_slave_set_mode                              ../libopencm3/lib/libopencm3_stm32f4.a(timer_common_all.o)
timer_slave_set_polarity                          ../libopencm3/lib/libopencm3_stm32f4.a(timer_common_all.o)
timer_slave_set_prescaler                         ../libopencm3/lib/libopencm3_stm32f4.a(timer_common_all.o)
timer_slave_set_trigger                           ../libopencm3/lib/libopencm3_stm32f4.a(timer_common_all.o)
timer_update_on_any                               ../libopencm3/lib/libopencm3_stm32f4.a(timer_common_all.o)
timer_update_on_overflow                          ../libopencm3/lib/libopencm3_stm32f4.a(timer_common_all.o)
uart4_isr                                         ../libopencm3/lib/libopencm3_stm32f4.a(vector.o)
uart5_isr                                         ../libopencm3/lib/libopencm3_stm32f4.a(vector.o)
uart7_isr                                         ../libopencm3/lib/libopencm3_stm32f4.a(vector.o)
uart8_isr                                         ../libopencm3/lib/libopencm3_stm32f4.a(vector.o)
usage_fault_handler                               ../libopencm3/lib/libopencm3_stm32f4.a(vector.o)
usart1_isr                                        ../libopencm3/lib/libopencm3_stm32f4.a(vector.o)
usart2_isr                                        ../libopencm3/lib/libopencm3_stm32f4.a(vector.o)
usart3_isr                                        ../libopencm3/lib/libopencm3_stm32f4.a(vector.o)
usart6_isr                                        ../libopencm3/lib/libopencm3_stm32f4.a(vector.o)
usb_fs_wkup_isr                                   ../libopencm3/lib/libopencm3_stm32f4.a(vector.o)
vector_table                                      ../libopencm3/lib/libopencm3_stm32f4.a(vector.o)
